
IEEE 695 OMF Linker Version 6.03 (05021601)
Copyright (C) 1999-2004 ZiLOG, Inc. All Rights Reserved

LINK MAP:

DATE:      Tue Jun 14 13:17:29 2016
PROCESSOR: assembler
FILES:     C:\PROGRA~2\ZiLOG\ZDSII_~1.3\lib\zilog\startupL.obj
           .\zsldevinit.obj
           .\ansi.obj             .\board.obj            .\fixpoint.obj         
           .\LUT.obj              .\styring.obj          .\tri.obj              
           .\main.obj             .\tiles.obj            
           C:\PROGRA~2\ZiLOG\ZDSII_~1.3\lib\std\crtrevaaLDD.lib
           C:\PROGRA~2\ZiLOG\ZDSII_~1.3\lib\std\fpdumyL.obj
           C:\PROGRA~2\ZiLOG\ZDSII_~1.3\lib\zilog\zslLYD.lib
           


COMMAND LIST:
=============
/* Linker Command File - reflex-ball Debug */

/* compiler options */
/* -alias -asm -bitfieldsize:32 -charsize:8 -const:RAM -debug */
/* -define:_Z8F6403 -define:_Z8ENCORE_640_FAMILY */
/* -define:_Z8ENCORE_F640X -define:_MODEL_LARGE -doublesize:32 */
/* -NOexpmac -floatsize:32 -NOfplib -genprintf -NOglobalcopy */
/* -NOglobalcse -NOglobalfold -intrinsic -intsize:16 -intsrc */
/* -NOjmpopt -NOkeepasm -NOkeeplst -NOlist -NOlistinc -localcopy */
/* -localcse -localfold -longsize:32 -NOloopopt -maxerrs:50 -model:L */
/* -NOoptlink -optsize -peephole -NOpromote -quiet -regvar -revaa */
/* -NOsdiopt -shortsize:16 */
/* -stdinc:"C:\PROGRA~2\ZiLOG\ZDSII_~1.3\include\std;C:\PROGRA~2\ZiLOG\ZDSII_~1.3\include\zilog;C:\PROGRA~2\ZiLOG\ZDSII_~1.3\include\zilog\Z8Encore_F640X" */
/* -strict -usrinc:"C:\Users\martin\Desktop\GitHub\include" -NOwatch */
/* -cpu:Z8F6403 */
/* -asmsw:" -cpu:Z8F6403 -define:_Z8F6403=1 -define:_Z8ENCORE_640_FAMILY=1 -define:_Z8ENCORE_F640X=1 -define:_MODEL_LARGE=1 -include:C:\PROGRA~2\ZiLOG\ZDSII_~1.3\include\std;C:\PROGRA~2\ZiLOG\ZDSII_~1.3\include\zilog;C:\PROGRA~2\ZiLOG\ZDSII_~1.3\include\zilog\Z8Encore_F640X -revaa" */

/* assembler options */
/* -debug -define:_Z8F6403=1 -define:_Z8ENCORE_640_FAMILY=1 */
/* -define:_Z8ENCORE_F640X=1 -define:_MODEL_LARGE=1 -genobj */
/* -NOigcase */
/* -include:"C:\PROGRA~2\ZiLOG\ZDSII_~1.3\include\std;C:\PROGRA~2\ZiLOG\ZDSII_~1.3\include\zilog;C:\PROGRA~2\ZiLOG\ZDSII_~1.3\include\zilog\Z8Encore_F640X" */
/* -list -NOlistmac -name -pagelen:56 -pagewidth:80 -quiet -sdiopt */
/* -warn -NOzmasm -revaa -cpu:Z8F6403 */

-FORMAT=OMF695
-NOigcase -map -quiet -warn -NOwarnoverlap -NOxref

RANGE ROM $0 : $FFFF
RANGE RDATA $20 : $FF
RANGE EDATA $100 : $EFF

CHANGE TEXT=EDATA
CHANGE TEXT=FAR_DATA
change NEAR_TXT=NEAR_DATA
change FAR_TXT=FAR_DATA
ORDER FAR_BSS, FAR_DATA
ORDER NEAR_BSS,NEAR_DATA
COPY NEAR_DATA ROM
COPY FAR_DATA ROM

define _low_near_romdata = copy base of NEAR_DATA
define _low_neardata = base of NEAR_DATA
define _len_neardata = length of NEAR_DATA
define _low_far_romdata = copy base of FAR_DATA
define _low_fardata = base of FAR_DATA
define _len_fardata = length of FAR_DATA
define _low_nearbss = base of NEAR_BSS
define _len_nearbss = length of NEAR_BSS
define _low_farbss = base of FAR_BSS
define _len_farbss = length of FAR_BSS
define _far_heaptop = highaddr of EDATA
define _far_stack = highaddr of EDATA
define _near_stack = highaddr of RDATA
define _far_heapbot = top of EDATA
define _near_heaptop = highaddr of RDATA
define _near_heapbot = top of RDATA

define _zsl_g_clock_xdefine = 18432000

/* Set frequency to 18432000 Hz */
define __user_frequency = 18432000

"C:\Users\martin\Desktop\GitHub\MARTIN~1\reflex-ball"=  C:\PROGRA~2\ZiLOG\ZDSII_~1.3\lib\zilog\startupL.obj,  .\zsldevinit.obj,  .\ansi.obj,  .\board.obj,  .\fixpoint.obj,  .\LUT.obj,  .\styring.obj,  .\tri.obj,  .\main.obj,  .\tiles.obj,  C:\PROGRA~2\ZiLOG\ZDSII_~1.3\lib\std\crtrevaaLDD.lib,  C:\PROGRA~2\ZiLOG\ZDSII_~1.3\lib\std\fpdumyL.obj,  C:\PROGRA~2\ZiLOG\ZDSII_~1.3\lib\zilog\zslLYD.lib


SEGMENT OVERLAYS:
=================

Name                                     Base        Top       Length
------------------------------------ ----------- ----------- ----------
Section: __VECTORS                        C:0000      C:000E         fh

SPACE ALLOCATION:
=================

Space              Base        Top         Size
------------------ ----------- ----------- ---------
EDATA                   E:0100      E:0725      626h
RDATA                     R:E0        R:EF       10h
ROM                     C:0000      C:3A99     3a9ah


SEGMENTS WITHIN SPACE:
======================

EDATA              Type                Base        Top         Size
------------------ ------------------- ----------- ----------- ---------
FAR_BSS            normal data              E:0100      E:0124       25h
FAR_DATA           normal data              E:0125      E:0725      601h


RDATA              Type                Base        Top         Size
------------------ ------------------- ----------- ----------- ---------
workingreg         absolute data              R:E0        R:EF       10h


ROM                Type                Base        Top         Size
------------------ ------------------- ----------- ----------- ---------
__VECTORS          absolute data            C:0000      C:0037       38h
_sputch_TEXT       normal data              C:2463      C:2491       2fh
_uputch_TEXT       normal data              C:2434      C:244C       19h
abs_TEXT           normal data              C:2B44      C:2B81       3eh
ansi_TEXT          normal data              C:0394      C:0978      5e5h
board_TEXT         normal data              C:0979      C:0A62       eah
CODE               normal data              C:0100      C:0318      219h
FAR_DATA           * segment copy *         C:3499      C:3A99      601h
getfreq_TEXT       normal data              C:1EC8      C:1EDE       17h
isupper_TEXT       normal data              C:3384      C:33C3       40h
ixpoint_TEXT       normal data              C:0A63      C:0B54       f2h
main_TEXT          normal data              C:13E5      C:16BE      2dah
mstring_TEXT       normal data              C:2AF7      C:2B43       4dh
nt_send_TEXT       normal data              C:1CF4      C:1EC7      1d4h
printf_TEXT        normal data              C:1C8A      C:1CF3       6ah
putch_TEXT         normal data              C:326D      C:32C9       5dh
reverse_TEXT       normal data              C:33C4      C:3498       d5h
ROM_DATA           normal data              C:0038      C:00FF       c8h
ROM_TEXT           normal data              C:0319      C:0322        ah
sio_TEXT           normal data              C:1BA8      C:1C89       e2h
startup            normal data              C:0323      C:0393       71h
strlen_TEXT        normal data              C:1EDF      C:1F20       42h
styring_TEXT       normal data              C:0B55      C:1026      4d2h
t_putch_TEXT       normal data              C:244D      C:2462       16h
teuart0_TEXT       normal data              C:32CA      C:3383       bah
tiles_TEXT         normal data              C:16BF      C:1BA7      4e9h
tolower_TEXT       normal data              C:3224      C:326C       49h
tri_TEXT           normal data              C:1027      C:13E4      3beh
tstring_TEXT       normal data              C:2492      C:2653      1c2h
ultoa_TEXT         normal data              C:2E0B      C:3223      419h
uprint_TEXT        normal data              C:1F21      C:240C      4ech
upscan_TEXT        normal data              C:2654      C:2AF6      4a3h
ustoa_TEXT         normal data              C:240D      C:2433       27h
uultoa_TEXT        normal data              C:2B82      C:2E0A      289h

SEGMENTS WITHIN MODULES:
========================

Module: ..\..\src\boot\common\startupl.asm (File: startupL.obj) Version: 1:0 02/23/2005 13:22:37

    Name                                        Base        Top      Size
    --------------------------------------- ----------- ----------- ---------
    Segment: __VECTORS                           C:0000      C:0037       38h
    Segment: FAR_BSS                             E:0100      E:0101        2h
    Segment: FAR_DATA                            E:0125      E:0125        1h
    Segment: startup                             C:0323      C:0393       71h
    Segment: workingreg                            R:E0        R:EF       10h


Module: ..\INCLUDE\SRC\ANSI.C (File: ansi.obj) Version: 1:0 06/13/2016 12:02:27

    Name                                        Base        Top      Size
    --------------------------------------- ----------- ----------- ---------
    Segment: ansi_TEXT                           C:0394      C:0978      5e5h
    Segment: FAR_DATA                            E:012B      E:0132        8h
    Segment: ROM_TEXT                            C:0319      C:0322        ah


Module: ..\INCLUDE\SRC\BOARD.C (File: board.obj) Version: 1:0 06/13/2016 15:19:57

    Name                                        Base        Top      Size
    --------------------------------------- ----------- ----------- ---------
    Segment: board_TEXT                          C:0979      C:0A62       eah


Module: ..\INCLUDE\SRC\FIXPOINT.C (File: fixpoint.obj) Version: 1:0 06/13/2016 12:02:28

    Name                                        Base        Top      Size
    --------------------------------------- ----------- ----------- ---------
    Segment: FAR_DATA                            E:0712      E:071D        ch
    Segment: ixpoint_TEXT                        C:0A63      C:0B54       f2h


Module: ..\INCLUDE\SRC\LUT.C (File: LUT.obj) Version: 1:0 06/13/2016 12:02:29

    Name                                        Base        Top      Size
    --------------------------------------- ----------- ----------- ---------
    Segment: FAR_DATA                            E:0133      E:0532      400h


Module: ..\INCLUDE\SRC\STYRING.C (File: styring.obj) Version: 1:0 06/14/2016 13:17:29

    Name                                        Base        Top      Size
    --------------------------------------- ----------- ----------- ---------
    Segment: styring_TEXT                        C:0B55      C:1026      4d2h


Module: ..\INCLUDE\SRC\TILES.C (File: tiles.obj) Version: 1:0 06/14/2016 12:06:07

    Name                                        Base        Top      Size
    --------------------------------------- ----------- ----------- ---------
    Segment: tiles_TEXT                          C:16BF      C:1BA7      4e9h


Module: ..\INCLUDE\SRC\TRI.C (File: tri.obj) Version: 1:0 06/14/2016 11:11:21

    Name                                        Base        Top      Size
    --------------------------------------- ----------- ----------- ---------
    Segment: FAR_DATA                            E:071E      E:0725        8h
    Segment: tri_TEXT                            C:1027      C:13E4      3beh


Module: ..\UART\COMMON\PUTCH.C (Library: zslLYD.lib) Version: 1:0 02/23/2005 13:32:42

    Name                                        Base        Top      Size
    --------------------------------------- ----------- ----------- ---------
    Segment: putch_TEXT                          C:326D      C:32C9       5dh


Module: ..\UART\COMMON\WRITEUART0.C (Library: zslLYD.lib) Version: 1:0 02/23/2005 13:32:38

    Name                                        Base        Top      Size
    --------------------------------------- ----------- ----------- ---------
    Segment: FAR_DATA                            E:0711      E:0711        1h
    Segment: teuart0_TEXT                        C:32CA      C:3383       bah


Module: .\MAIN.C (File: main.obj) Version: 1:0 06/14/2016 13:14:29

    Name                                        Base        Top      Size
    --------------------------------------- ----------- ----------- ---------
    Segment: __VECTORS                           C:0000      C:000D        eh
    Segment: FAR_BSS                             E:0102      E:0105        4h
    Segment: FAR_DATA                            E:0533      E:070D      1dbh
    Segment: main_TEXT                           C:13E5      C:16BE      2dah


Module: C:\Users\martin\Desktop\GitHub\MARTIN~1\zsldevinit.asm (File: zsldevinit.obj) Version: 1:0 06/13/2016 12:02:26

    Name                                        Base        Top      Size
    --------------------------------------- ----------- ----------- ---------
    Segment: CODE                                C:0100      C:0101        2h
    Segment: FAR_DATA                            E:0126      E:012A        5h


Module: COMMON\ABS.C (Library: crtrevaaLDD.lib) Version: 1:0 02/23/2005 13:27:08

    Name                                        Base        Top      Size
    --------------------------------------- ----------- ----------- ---------
    Segment: abs_TEXT                            C:2B44      C:2B81       3eh


Module: common\fpdumyl.asm (File: fpdumyL.obj) Version: 1:0 02/23/2005 13:22:38

    Name                                        Base        Top      Size
    --------------------------------------- ----------- ----------- ---------
    Segment: CODE                                C:0102      C:0102        1h
    Segment: FAR_BSS                             E:0106      E:0109        4h


Module: common\frame.asm (Library: crtrevaaLDD.lib) Version: 1:0 02/23/2005 13:27:20

    Name                                        Base        Top      Size
    --------------------------------------- ----------- ----------- ---------
    Segment: CODE                                C:0103      C:0169       67h


Module: COMMON\ISUPPER.C (Library: crtrevaaLDD.lib) Version: 1:0 02/23/2005 13:27:10

    Name                                        Base        Top      Size
    --------------------------------------- ----------- ----------- ---------
    Segment: isupper_TEXT                        C:3384      C:33C3       40h


Module: COMMON\MAPTAB.C (Library: crtrevaaLDD.lib) Version: 1:0 02/23/2005 13:27:10

    Name                                        Base        Top      Size
    --------------------------------------- ----------- ----------- ---------
    Segment: ROM_DATA                            C:0080      C:00FF       80h


Module: COMMON\PRINT_GLOBALS.C (Library: crtrevaaLDD.lib) Version: 1:0 02/23/2005 13:27:11

    Name                                        Base        Top      Size
    --------------------------------------- ----------- ----------- ---------
    Segment: FAR_BSS                             E:010A      E:0124       1bh
    Segment: FAR_DATA                            E:070F      E:0710        2h


Module: COMMON\PRINT_PUTCH.C (Library: crtrevaaLDD.lib) Version: 1:0 02/23/2005 13:27:11

    Name                                        Base        Top      Size
    --------------------------------------- ----------- ----------- ---------
    Segment: t_putch_TEXT                        C:244D      C:2462       16h


Module: COMMON\PRINT_PUTROMSTRING.C (Library: crtrevaaLDD.lib) Version: 1:0 02/23/2005 13:27:12

    Name                                        Base        Top      Size
    --------------------------------------- ----------- ----------- ---------
    Segment: mstring_TEXT                        C:2AF7      C:2B43       4dh


Module: COMMON\PRINT_PUTSTRING.C (Library: crtrevaaLDD.lib) Version: 1:0 02/23/2005 13:27:12

    Name                                        Base        Top      Size
    --------------------------------------- ----------- ----------- ---------
    Segment: tstring_TEXT                        C:2492      C:2653      1c2h


Module: COMMON\PRINT_SEND.C (Library: crtrevaaLDD.lib) Version: 1:0 02/23/2005 13:27:12

    Name                                        Base        Top      Size
    --------------------------------------- ----------- ----------- ---------
    Segment: nt_send_TEXT                        C:1CF4      C:1EC7      1d4h


Module: COMMON\PRINT_SPUTCH.C (Library: crtrevaaLDD.lib) Version: 1:0 02/23/2005 13:27:11

    Name                                        Base        Top      Size
    --------------------------------------- ----------- ----------- ---------
    Segment: _sputch_TEXT                        C:2463      C:2491       2fh


Module: COMMON\PRINT_UPUTCH.C (Library: crtrevaaLDD.lib) Version: 1:0 02/23/2005 13:27:11

    Name                                        Base        Top      Size
    --------------------------------------- ----------- ----------- ---------
    Segment: _uputch_TEXT                        C:2434      C:244C       19h


Module: COMMON\PRINTF.C (Library: crtrevaaLDD.lib) Version: 1:0 02/23/2005 13:27:12

    Name                                        Base        Top      Size
    --------------------------------------- ----------- ----------- ---------
    Segment: printf_TEXT                         C:1C8A      C:1CF3       6ah


Module: common\sbdiv.asm (Library: crtrevaaLDD.lib) Version: 1:0 02/23/2005 13:27:19

    Name                                        Base        Top      Size
    --------------------------------------- ----------- ----------- ---------
    Segment: CODE                                C:028A      C:02B8       2fh


Module: COMMON\SIO.C (Library: crtrevaaLDD.lib) Version: 1:0 02/23/2005 13:27:13

    Name                                        Base        Top      Size
    --------------------------------------- ----------- ----------- ---------
    Segment: FAR_DATA                            E:070E      E:070E        1h
    Segment: sio_TEXT                            C:1BA8      C:1C89       e2h


Module: COMMON\STRLEN.C (Library: crtrevaaLDD.lib) Version: 1:0 02/23/2005 13:27:14

    Name                                        Base        Top      Size
    --------------------------------------- ----------- ----------- ---------
    Segment: strlen_TEXT                         C:1EDF      C:1F20       42h


Module: COMMON\TOLOWER.C (Library: crtrevaaLDD.lib) Version: 1:0 02/23/2005 13:27:15

    Name                                        Base        Top      Size
    --------------------------------------- ----------- ----------- ---------
    Segment: tolower_TEXT                        C:3224      C:326C       49h


Module: common\ubdiv.asm (Library: crtrevaaLDD.lib) Version: 1:0 02/23/2005 13:27:19

    Name                                        Base        Top      Size
    --------------------------------------- ----------- ----------- ---------
    Segment: CODE                                C:02F7      C:0315       1fh


Module: common\ubmul.asm (Library: crtrevaaLDD.lib) Version: 1:0 02/23/2005 13:27:19

    Name                                        Base        Top      Size
    --------------------------------------- ----------- ----------- ---------
    Segment: CODE                                C:0316      C:0318        3h


Module: common\ucase.asm (Library: crtrevaaLDD.lib) Version: 1:0 02/23/2005 13:27:19

    Name                                        Base        Top      Size
    --------------------------------------- ----------- ----------- ---------
    Segment: CODE                                C:02B9      C:02F6       3eh


Module: common\uldiv.asm (Library: crtrevaaLDD.lib) Version: 1:0 02/23/2005 13:27:19

    Name                                        Base        Top      Size
    --------------------------------------- ----------- ----------- ---------
    Segment: CODE                                C:0235      C:0289       55h


Module: common\ulmul.asm (Library: crtrevaaLDD.lib) Version: 1:0 02/23/2005 13:27:19

    Name                                        Base        Top      Size
    --------------------------------------- ----------- ----------- ---------
    Segment: CODE                                C:016A      C:0201       98h


Module: COMMON\ULTOA.C (Library: crtrevaaLDD.lib) Version: 1:0 02/23/2005 13:27:16

    Name                                        Base        Top      Size
    --------------------------------------- ----------- ----------- ---------
    Segment: ultoa_TEXT                          C:2E0B      C:3223      419h


Module: COMMON\UPRINT.C (Library: crtrevaaLDD.lib) Version: 1:0 02/23/2005 13:27:16

    Name                                        Base        Top      Size
    --------------------------------------- ----------- ----------- ---------
    Segment: uprint_TEXT                         C:1F21      C:240C      4ech


Module: COMMON\UPSCAN.C (Library: crtrevaaLDD.lib) Version: 1:0 02/23/2005 13:27:17

    Name                                        Base        Top      Size
    --------------------------------------- ----------- ----------- ---------
    Segment: ROM_DATA                            C:0038      C:007F       48h
    Segment: upscan_TEXT                         C:2654      C:2AF6      4a3h


Module: COMMON\UREVERSE.C (Library: crtrevaaLDD.lib) Version: 1:0 02/23/2005 13:27:17

    Name                                        Base        Top      Size
    --------------------------------------- ----------- ----------- ---------
    Segment: reverse_TEXT                        C:33C4      C:3498       d5h


Module: COMMON\USTOA.C (Library: crtrevaaLDD.lib) Version: 1:0 02/23/2005 13:27:18

    Name                                        Base        Top      Size
    --------------------------------------- ----------- ----------- ---------
    Segment: ustoa_TEXT                          C:240D      C:2433       27h


Module: COMMON\UULTOA.C (Library: crtrevaaLDD.lib) Version: 1:0 02/23/2005 13:27:18

    Name                                        Base        Top      Size
    --------------------------------------- ----------- ----------- ---------
    Segment: uultoa_TEXT                         C:2B82      C:2E0A      289h


Module: common\uwmul.asm (Library: crtrevaaLDD.lib) Version: 1:0 02/23/2005 13:27:19

    Name                                        Base        Top      Size
    --------------------------------------- ----------- ----------- ---------
    Segment: CODE                                C:0202      C:0234       33h


Module: get_freq.asm (Library: crtrevaaLDD.lib) Version: 1:0 02/23/2005 13:27:19

    Name                                        Base        Top      Size
    --------------------------------------- ----------- ----------- ---------
    Segment: getfreq_TEXT                        C:1EC8      C:1EDE       17h

EXTERNAL DEFINITIONS:
=====================

Symbol                             Address   Module          Segment
-------------------------------- ----------- --------------- --------------------------------
_0__far_atof                          E:0106 fpdumyl         FAR_BSS                         
_0__far_frexp                         E:0106 fpdumyl         FAR_BSS                         
_0__far_modf                          E:0106 fpdumyl         FAR_BSS                         
_0__far_strtod                        E:0106 fpdumyl         FAR_BSS                         
_0__near_atof                         E:0106 fpdumyl         FAR_BSS                         
_0__near_frexp                        E:0106 fpdumyl         FAR_BSS                         
_0__near_modf                         E:0106 fpdumyl         FAR_BSS                         
_0__near_strtod                       E:0106 fpdumyl         FAR_BSS                         
_0__u_dtoe                            E:0106 fpdumyl         FAR_BSS                         
_0__u_dtof                            E:0106 fpdumyl         FAR_BSS                         
_0__u_dtog                            E:0106 fpdumyl         FAR_BSS                         
_0__u_flt_info                        E:0106 fpdumyl         FAR_BSS                         
_0__u_flt_rnd                         E:0106 fpdumyl         FAR_BSS                         
_0_acos                               E:0106 fpdumyl         FAR_BSS                         
_0_asin                               E:0106 fpdumyl         FAR_BSS                         
_0_atan                               E:0106 fpdumyl         FAR_BSS                         
_0_atan2                              E:0106 fpdumyl         FAR_BSS                         
_0_ceil                               E:0106 fpdumyl         FAR_BSS                         
_0_cosh                               E:0106 fpdumyl         FAR_BSS                         
_0_exp                                E:0106 fpdumyl         FAR_BSS                         
_0_fabs                               E:0106 fpdumyl         FAR_BSS                         
_0_floor                              E:0106 fpdumyl         FAR_BSS                         
_0_fmod                               E:0106 fpdumyl         FAR_BSS                         
_0_ldexp                              E:0106 fpdumyl         FAR_BSS                         
_0_log                                E:0106 fpdumyl         FAR_BSS                         
_0_log10                              E:0106 fpdumyl         FAR_BSS                         
_0_pow                                E:0106 fpdumyl         FAR_BSS                         
_0_sinh                               E:0106 fpdumyl         FAR_BSS                         
_0_sqrt                               E:0106 fpdumyl         FAR_BSS                         
_0_tan                                E:0106 fpdumyl         FAR_BSS                         
_0_tanh                               E:0106 fpdumyl         FAR_BSS                         
_1__far_frexp                         E:0106 fpdumyl         FAR_BSS                         
_1__far_modf                          E:0106 fpdumyl         FAR_BSS                         
_1__far_strtod                        E:0106 fpdumyl         FAR_BSS                         
_1__near_frexp                        E:0106 fpdumyl         FAR_BSS                         
_1__near_modf                         E:0106 fpdumyl         FAR_BSS                         
_1__near_strtod                       E:0106 fpdumyl         FAR_BSS                         
_1__u_dtoe                            E:0106 fpdumyl         FAR_BSS                         
_1__u_dtof                            E:0106 fpdumyl         FAR_BSS                         
_1__u_dtog                            E:0106 fpdumyl         FAR_BSS                         
_1__u_flt_info                        E:0106 fpdumyl         FAR_BSS                         
_1__u_flt_rnd                         E:0106 fpdumyl         FAR_BSS                         
_1_atan2                              E:0106 fpdumyl         FAR_BSS                         
_1_fmod                               E:0106 fpdumyl         FAR_BSS                         
_1_ldexp                              E:0106 fpdumyl         FAR_BSS                         
_1_pow                                E:0106 fpdumyl         FAR_BSS                         
_1_strtod                             E:0106 fpdumyl         FAR_BSS                         
_2__u_dtoe                            E:0106 fpdumyl         FAR_BSS                         
_2__u_dtof                            E:0106 fpdumyl         FAR_BSS                         
_2__u_dtog                            E:0106 fpdumyl         FAR_BSS                         
_2__u_flt_info                        E:0106 fpdumyl         FAR_BSS                         
___maptab                             C:0080 MAPTAB          ROM_DATA                        
___print_buff                         E:010A PRINT_GLOBALS   FAR_BSS                         
___print_fmt                          E:0116 PRINT_GLOBALS   FAR_BSS                         
___print_leading_char                 E:0122 PRINT_GLOBALS   FAR_BSS                         
___print_len                          E:0121 PRINT_GLOBALS   FAR_BSS                         
___print_out                          E:0123 PRINT_GLOBALS   FAR_BSS                         
___print_putch                        C:244D PRINT_PUTCH     t_putch_TEXT                    
___print_putromstring                 C:2AF7 PRINT_PUTROMSTR mstring_TEXT                    
___print_send                         C:1CF4 PRINT_SEND      nt_send_TEXT                    
___print_sendstring                   C:2492 PRINT_PUTSTRING tstring_TEXT                    
___print_sputch                       C:2463 PRINT_SPUTCH    _sputch_TEXT                    
___print_uputch                       C:2434 PRINT_UPUTCH    _uputch_TEXT                    
___print_xputch                       E:070F PRINT_GLOBALS   FAR_DATA                        
__close_periphdevice                  C:0101 zsldevinit      CODE                            
__far_atof                            C:0102 fpdumyl         CODE                            
__far_frexp                           C:0102 fpdumyl         CODE                            
__far_modf                            C:0102 fpdumyl         CODE                            
__far_strlen                          C:1EDF STRLEN          strlen_TEXT                     
__far_strtod                          C:0102 fpdumyl         CODE                            
__fpadd                               C:0102 fpdumyl         CODE                            
__fpcmp                               C:0102 fpdumyl         CODE                            
__fpdiv                               C:0102 fpdumyl         CODE                            
__fpftol                              C:0102 fpdumyl         CODE                            
__fpltof                              C:0102 fpdumyl         CODE                            
__fpmul                               C:0102 fpdumyl         CODE                            
__fpneg                               C:0102 fpdumyl         CODE                            
__fppack                              C:0102 fpdumyl         CODE                            
__fpsub                               C:0102 fpdumyl         CODE                            
__fpultof                             C:0102 fpdumyl         CODE                            
__fpupop1                             C:0102 fpdumyl         CODE                            
__fpupop2                             C:0102 fpdumyl         CODE                            
__framereset                          C:012E frame           CODE                            
__frameset                            C:010F frame           CODE                            
__frameset0                           C:010D frame           CODE                            
__frameset00                          C:010B frame           CODE                            
__iframereset                         C:0145 frame           CODE                            
__iframeset00                         C:0103 frame           CODE                            
__intrp                               E:0125 startupl        FAR_DATA                        
__near_atof                           C:0102 fpdumyl         CODE                            
__near_frexp                          C:0102 fpdumyl         CODE                            
__near_modf                           C:0102 fpdumyl         CODE                            
__near_strtod                         C:0102 fpdumyl         CODE                            
__open_periphdevice                   C:0100 zsldevinit      CODE                            
__sbdiv                               C:028A sbdiv           CODE                            
__sbmul                               C:0316 ubmul           CODE                            
__slmul                               C:016A ulmul           CODE                            
__swmul                               C:0202 uwmul           CODE                            
__u_dtoe                              C:0102 fpdumyl         CODE                            
__u_dtof                              C:0102 fpdumyl         CODE                            
__u_dtog                              C:0102 fpdumyl         CODE                            
__u_flt_info                          C:0102 fpdumyl         CODE                            
__u_flt_rnd                           C:0102 fpdumyl         CODE                            
__u_ltoa                              C:2E0B ULTOA           ultoa_TEXT                      
__u_print                             C:1F21 UPRINT          uprint_TEXT                     
__u_pscan                             C:2654 UPSCAN          upscan_TEXT                     
__u_reverse                           C:33C4 UREVERSE        reverse_TEXT                    
__u_stoa                              C:240D USTOA           ustoa_TEXT                      
__u_ultoa                             C:2B82 UULTOA          uultoa_TEXT                     
__ubdiv                               C:02F7 ubdiv           CODE                            
__ubmul                               C:0316 ubmul           CODE                            
__ucase                               C:02B9 ucase           CODE                            
__uldiv                               C:0235 uldiv           CODE                            
__ulmul                               C:016A ulmul           CODE                            
__user_frequency                    01194000 (User Defined)
__uwmul                               C:0202 uwmul           CODE                            
_abs                                  C:2B44 ABS             abs_TEXT                        
_acos                                 C:0102 fpdumyl         CODE                            
_asin                                 C:0102 fpdumyl         CODE                            
_atan                                 C:0102 fpdumyl         CODE                            
_atan2                                C:0102 fpdumyl         CODE                            
_bgcolor                              C:042A ANSI            ansi_TEXT                       
_blink                                C:06AE ANSI            ansi_TEXT                       
_c_startup                            C:0323 startupl        startup                         
_ceil                                 C:0102 fpdumyl         CODE                            
_character_data                       E:0533 MAIN            FAR_DATA                        
_close_periphdevice                   C:0101 zsldevinit      CODE                            
_clreol                               C:058D ANSI            ansi_TEXT                       
_clrscr                               C:055C ANSI            ansi_TEXT                       
_color                                C:0475 ANSI            ansi_TEXT                       
_cos                                  C:11CA TRI             tri_TEXT                        
_cosh                                 C:0102 fpdumyl         CODE                            
_errno                                E:0100 startupl        FAR_BSS                         
_exit                                 C:0392 startupl        startup                         
_exp                                  C:0102 fpdumyl         CODE                            
_expand                               C:0B32 FIXPOINT        ixpoint_TEXT                    
_fabs                                 C:0102 fpdumyl         CODE                            
_far_heapbot                        00000725 (User Defined)
_far_heaptop                        00000EFF (User Defined)
_far_stack                          00000EFF (User Defined)
_fgcolor                              C:0394 ANSI            ansi_TEXT                       
_floor                                C:0102 fpdumyl         CODE                            
_fmod                                 C:0102 fpdumyl         CODE                            
_g_clock0                             E:0127 zsldevinit      FAR_DATA                        
_g_clock1                             E:0127 zsldevinit      FAR_DATA                        
_g_simulate                           E:0126 zsldevinit      FAR_DATA                        
_g_Txflag0                            E:0711 WRITEUART0      FAR_DATA                        
_get_freq                             C:1ECC get_freq        getfreq_TEXT                    
_gotoxy                               C:05BE ANSI            ansi_TEXT                       
_init_uart                            C:1BD6 SIO             sio_TEXT                        
_initButton                           C:0979 BOARD           board_TEXT                      
_initConsole                          C:09F9 BOARD           board_TEXT                      
_initStriker                          C:0F97 STYRING         styring_TEXT                    
_initTileArray                        C:16BF TILES           tiles_TEXT                      
_initTimer                            C:09CE BOARD           board_TEXT                      
_initVector                           C:1027 TRI             tri_TEXT                        
_isupper                              C:3384 ISUPPER         isupper_TEXT                    
_ldexp                                C:0102 fpdumyl         CODE                            
_LEDinit                              C:0A3C BOARD           board_TEXT                      
_len_farbss                         00000025 (User Defined)
_len_fardata                        00000601 (User Defined)
_len_nearbss                        00000000 (User Defined)
_len_neardata                       00000000 (User Defined)
_levelOne                             C:1705 TILES           tiles_TEXT                      
_levelThree                           C:183B TILES           tiles_TEXT                      
_levelTwo                             C:1770 TILES           tiles_TEXT                      
_log                                  C:0102 fpdumyl         CODE                            
_log10                                C:0102 fpdumyl         CODE                            
_low_far_romdata                    00003499 (User Defined)
_low_farbss                         00000100 (User Defined)
_low_fardata                        00000125 (User Defined)
_low_near_romdata                   00000000 (User Defined)
_low_nearbss                        00000000 (User Defined)
_low_neardata                       00000000 (User Defined)
_main                                 C:1429 MAIN            main_TEXT                       
_moveBall                             C:0BAA STYRING         styring_TEXT                    
_near_heapbot                       000000EF (User Defined)
_near_heaptop                       000000FF (User Defined)
_near_stack                         000000FF (User Defined)
_open_periphdevice                    C:0100 zsldevinit      CODE                            
_pow                                  C:0102 fpdumyl         CODE                            
_printf                               C:1C8A PRINTF          printf_TEXT                     
_printFix                             C:0A63 FIXPOINT        ixpoint_TEXT                    
_printLevel                           C:18DF TILES           tiles_TEXT                      
_printV                               C:10D6 TRI             tri_TEXT                        
_putch                                C:326D PUTCH           putch_TEXT                      
_readKey                              C:0998 BOARD           board_TEXT                      
_reflectBallWall                      C:0D33 STYRING         styring_TEXT                    
_reflectStriker                       C:0FE8 STYRING         styring_TEXT                    
_resetbgcolor                         C:052B ANSI            ansi_TEXT                       
_reverse                              C:073F ANSI            ansi_TEXT                       
_rotate                               C:11FC TRI             tri_TEXT                        
_select_port                          C:1BA8 SIO             sio_TEXT                        
_sin                                  C:117A TRI             tri_TEXT                        
_SIN                                  E:0133 LUT             FAR_DATA                        
_sinh                                 C:0102 fpdumyl         CODE                            
_sqrt                                 C:0102 fpdumyl         CODE                            
_startBall                            C:0B55 STYRING         styring_TEXT                    
_t_1                                  E:0102 MAIN            FAR_BSS                         
_t_2                                  E:0104 MAIN            FAR_BSS                         
_tan                                  C:0102 fpdumyl         CODE                            
_tanh                                 C:0102 fpdumyl         CODE                            
_timer0int                            C:13E5 MAIN            main_TEXT                       
_tolower                              C:3224 TOLOWER         tolower_TEXT                    
_underline                            C:061D ANSI            ansi_TEXT                       
_updateStriker                        C:0DCF STYRING         styring_TEXT                    
_window                               C:07D0 ANSI            ansi_TEXT                       
_write_UART0                          C:32CA WRITEUART0      teuart0_TEXT                    
_zsl_g_clock_xdefine                01194000 (User Defined)

209 external symbol(s).


START ADDRESS:
==============
(C:0323) set in module ..\..\src\boot\common\startupl.asm.

CALL GRAPH
==========
Depth Address    CF Function                       Calls Function
----- ---------- -- ------------------------------ --------------------------------
    1 R:20        0 _get_freq                      ->
    2 E:0100      0 _f__far_modf                   ->
    3 R:20        0 _n__floor                      ->
    4 R:20        0 _n___u_flt_rnd                 ->
    5 R:20        0 _n__far_modf                   ->
    6 R:20        0 _n__sqrt                       ->
    7 R:20        0 _n__near_modf                  ->
    8 E:0100      0 _f__atan                       ->
    9 E:0100      0 _f__pow                        ->
   10 R:20        0 _n__near_strtod                ->
   11 E:0100      0 _f__atan2                      ->
   12 R:20        0 _n__far_strtod                 ->
   13 E:0100      0 _f__far_strtod                 ->
   14 R:20        0 _n__atan                       ->
   15 E:0100      0 _f__log10                      ->
   16 E:0100      0 _f__log                        ->
   17 E:0100      0 _f__floor                      ->
   18 R:20        0 _n__exp                        ->
   19 E:0100      0 _f__fmod                       ->
   20 E:0100      0 _f__near_modf                  ->
   21 R:20        0 _n__tan                        ->
   22 E:0100      0 _f___u_flt_info                ->
   23 R:20        0 _n__atan2                      ->
   24 R:20        0 _n__near_atof                  ->
   25 E:0100      0 _f__far_atof                   ->
   26 R:20        0 _n__far_atof                   ->
   27 E:0100      0 _f__acos                       ->
   28 E:0100      0 _f__cosh                       ->
   29 R:20        0 _n___u_dtog                    ->
   30 R:20        0 _n___u_dtof                    ->
   31 R:20        0 _n___u_dtoe                    ->
   32 R:20        0 _n__cosh                       ->
   33 R:20        0 _n__sinh                       ->
   34 R:20        0 _n__acos                       ->
   35 E:0100      0 _f__far_frexp                  ->
   36 E:0100      0 _f__tan                        ->
   37 R:20        0 _n__ldexp                      ->
   38 E:0100      0 _f__tanh                       ->
   39 R:20        0 _n___u_flt_info                ->
   40 E:0100      0 _f__sinh                       ->
   41 E:0100      0 _f__near_frexp                 ->
   42 E:0100      0 _f__near_atof                  ->
   43 E:0100      0 _f___u__dtog                   ->
   44 E:0100      0 _f___u__dtof                   ->
   45 E:0100      0 _f___u__dtoe                   ->
   46 R:20        0 _n__tanh                       ->
   47 R:20        0 _n__near_frexp                 ->
   48 R:20        0 _n__far_frexp                  ->
   49 E:0100      0 _f__ldexp                      ->
   50 E:0100      0 _f__asin                       ->
   51 R:20        0 _n__fabs                       ->
   52 E:0100      0 _f__ceil                       ->
   53 R:20        0 _n__pow                        ->
   54 E:0100      0 _f__near_strtod                ->
   55 E:0100      0 _f__fabs                       ->
   56 R:20        0 _n__ceil                       ->
   57 R:20        0 _n__fmod                       ->
   58 R:20        0 _n__log10                      ->
   59 R:20        0 _n__asin                       ->
   60 E:0100      0 _f__sqrt                       ->
   61 E:0100      0 _f___u_flt_rnd                 ->
   62 R:20        0 _n__log                        ->
   63 E:0100      0 _f__exp                        ->


END OF LINK MAP:
================
0 Errors
0 Warnings
