
IEEE 695 OMF Linker Version 6.03 (05021601)
Copyright (C) 1999-2004 ZiLOG, Inc. All Rights Reserved

LINK MAP:

DATE:      Fri Jun 10 11:51:32 2016
PROCESSOR: assembler
FILES:     C:\PROGRA~2\ZiLOG\ZDSII_~1.3\lib\zilog\startupL.obj
           .\zsldevinit.obj
           .\ansi.obj             .\board.obj            .\fixpoint.obj         
           .\LUT.obj              .\tri.obj              .\main.obj             
           C:\PROGRA~2\ZiLOG\ZDSII_~1.3\lib\std\crtrevaaLDD.lib
           C:\PROGRA~2\ZiLOG\ZDSII_~1.3\lib\std\fpdumyL.obj
           C:\PROGRA~2\ZiLOG\ZDSII_~1.3\lib\zilog\zslLYD.lib
           


COMMAND LIST:
=============
/* Linker Command File - ReflexBall Debug */

/* compiler options */
/* -alias -asm -bitfieldsize:32 -charsize:8 -const:RAM -debug */
/* -define:_Z8F6403 -define:_Z8ENCORE_640_FAMILY */
/* -define:_Z8ENCORE_F640X -define:_MODEL_LARGE -doublesize:32 */
/* -NOexpmac -floatsize:32 -NOfplib -genprintf -NOglobalcopy */
/* -NOglobalcse -NOglobalfold -intrinsic -intsize:16 -intsrc */
/* -NOjmpopt -NOkeepasm -NOkeeplst -NOlist -NOlistinc -localcopy */
/* -localcse -localfold -longsize:32 -NOloopopt -maxerrs:50 -model:L */
/* -NOoptlink -optsize -peephole -NOpromote -quiet -regvar -revaa */
/* -NOsdiopt -shortsize:16 */
/* -stdinc:"C:\PROGRA~2\ZiLOG\ZDSII_~1.3\include\std;C:\PROGRA~2\ZiLOG\ZDSII_~1.3\include\zilog;C:\PROGRA~2\ZiLOG\ZDSII_~1.3\include\zilog\Z8Encore_F640X" */
/* -strict -usrinc:"C:\Users\martin\Desktop\GitHub\include" -NOwatch */
/* -cpu:Z8F6403 */
/* -asmsw:" -cpu:Z8F6403 -define:_Z8F6403=1 -define:_Z8ENCORE_640_FAMILY=1 -define:_Z8ENCORE_F640X=1 -define:_MODEL_LARGE=1 -include:C:\PROGRA~2\ZiLOG\ZDSII_~1.3\include\std;C:\PROGRA~2\ZiLOG\ZDSII_~1.3\include\zilog;C:\PROGRA~2\ZiLOG\ZDSII_~1.3\include\zilog\Z8Encore_F640X -revaa" */

/* assembler options */
/* -debug -define:_Z8F6403=1 -define:_Z8ENCORE_640_FAMILY=1 */
/* -define:_Z8ENCORE_F640X=1 -define:_MODEL_LARGE=1 -genobj */
/* -NOigcase */
/* -include:"C:\PROGRA~2\ZiLOG\ZDSII_~1.3\include\std;C:\PROGRA~2\ZiLOG\ZDSII_~1.3\include\zilog;C:\PROGRA~2\ZiLOG\ZDSII_~1.3\include\zilog\Z8Encore_F640X" */
/* -list -NOlistmac -name -pagelen:56 -pagewidth:80 -quiet -sdiopt */
/* -warn -NOzmasm -revaa -cpu:Z8F6403 */

-FORMAT=OMF695
-NOigcase -map -quiet -warn -NOwarnoverlap -NOxref

RANGE ROM $0 : $FFFF
RANGE RDATA $20 : $FF
RANGE EDATA $100 : $EFF

CHANGE TEXT=EDATA
CHANGE TEXT=FAR_DATA
change NEAR_TXT=NEAR_DATA
change FAR_TXT=FAR_DATA
ORDER FAR_BSS, FAR_DATA
ORDER NEAR_BSS,NEAR_DATA
COPY NEAR_DATA ROM
COPY FAR_DATA ROM

define _low_near_romdata = copy base of NEAR_DATA
define _low_neardata = base of NEAR_DATA
define _len_neardata = length of NEAR_DATA
define _low_far_romdata = copy base of FAR_DATA
define _low_fardata = base of FAR_DATA
define _len_fardata = length of FAR_DATA
define _low_nearbss = base of NEAR_BSS
define _len_nearbss = length of NEAR_BSS
define _low_farbss = base of FAR_BSS
define _len_farbss = length of FAR_BSS
define _far_heaptop = highaddr of EDATA
define _far_stack = highaddr of EDATA
define _near_stack = highaddr of RDATA
define _far_heapbot = top of EDATA
define _near_heaptop = highaddr of RDATA
define _near_heapbot = top of RDATA

define _zsl_g_clock_xdefine = 18432000

/* Set frequency to 18432000 Hz */
define __user_frequency = 18432000

"C:\Users\martin\Desktop\GitHub\MARTIN~1\ReflexBall"=  C:\PROGRA~2\ZiLOG\ZDSII_~1.3\lib\zilog\startupL.obj,  .\zsldevinit.obj,  .\ansi.obj,  .\board.obj,  .\fixpoint.obj,  .\LUT.obj,  .\tri.obj,  .\main.obj,  C:\PROGRA~2\ZiLOG\ZDSII_~1.3\lib\std\crtrevaaLDD.lib,  C:\PROGRA~2\ZiLOG\ZDSII_~1.3\lib\std\fpdumyL.obj,  C:\PROGRA~2\ZiLOG\ZDSII_~1.3\lib\zilog\zslLYD.lib

WARNING (724) --> Symbol _free (.\ansi.obj) is not defined.

SEGMENT OVERLAYS:
=================

Name                                     Base        Top       Length
------------------------------------ ----------- ----------- ----------
Section: __VECTORS                        C:0000      C:000E         fh

SPACE ALLOCATION:
=================

Space              Base        Top         Size
------------------ ----------- ----------- ---------
EDATA                   E:0100      E:0741      642h
RDATA                     R:E0        R:EF       10h
ROM                     C:0000      C:2DA9     2daah


SEGMENTS WITHIN SPACE:
======================

EDATA              Type                Base        Top         Size
------------------ ------------------- ----------- ----------- ---------
FAR_BSS            normal data              E:0100      E:013F       40h
FAR_DATA           normal data              E:0140      E:0741      602h


RDATA              Type                Base        Top         Size
------------------ ------------------- ----------- ----------- ---------
workingreg         absolute data              R:E0        R:EF       10h


ROM                Type                Base        Top         Size
------------------ ------------------- ----------- ----------- ---------
__VECTORS          absolute data            C:0000      C:0037       38h
_sputch_TEXT       normal data              C:1772      C:17A0       2fh
_uputch_TEXT       normal data              C:1743      C:175B       19h
abs_TEXT           normal data              C:1E53      C:1E90       3eh
ansi_TEXT          normal data              C:0313      C:0905      5f3h
board_TEXT         normal data              C:0906      C:09EF       eah
CODE               normal data              C:0100      C:0297      198h
FAR_DATA           * segment copy *         C:27A8      C:2DA9      602h
getfreq_TEXT       normal data              C:11D7      C:11ED       17h
isupper_TEXT       normal data              C:2693      C:26D2       40h
ixpoint_TEXT       normal data              C:09F0      C:0AE1       f2h
main_TEXT          normal data              C:0E16      C:0EB6       a1h
mstring_TEXT       normal data              C:1E06      C:1E52       4dh
nt_send_TEXT       normal data              C:1003      C:11D6      1d4h
printf_TEXT        normal data              C:0F99      C:1002       6ah
putch_TEXT         normal data              C:257C      C:25D8       5dh
reverse_TEXT       normal data              C:26D3      C:27A7       d5h
ROM_DATA           normal data              C:0038      C:00FF       c8h
ROM_TEXT           normal data              C:0298      C:02A1        ah
sio_TEXT           normal data              C:0EB7      C:0F98       e2h
startup            normal data              C:02A2      C:0312       71h
strlen_TEXT        normal data              C:11EE      C:122F       42h
t_putch_TEXT       normal data              C:175C      C:1771       16h
teuart0_TEXT       normal data              C:25D9      C:2692       bah
tolower_TEXT       normal data              C:2533      C:257B       49h
tri_TEXT           normal data              C:0AE2      C:0E15      334h
tstring_TEXT       normal data              C:17A1      C:1962      1c2h
ultoa_TEXT         normal data              C:211A      C:2532      419h
uprint_TEXT        normal data              C:1230      C:171B      4ech
upscan_TEXT        normal data              C:1963      C:1E05      4a3h
ustoa_TEXT         normal data              C:171C      C:1742       27h
uultoa_TEXT        normal data              C:1E91      C:2119      289h

SEGMENTS WITHIN MODULES:
========================

Module: ..\..\src\boot\common\startupl.asm (File: startupL.obj) Version: 1:0 02/23/2005 13:22:37

    Name                                        Base        Top      Size
    --------------------------------------- ----------- ----------- ---------
    Segment: __VECTORS                           C:0000      C:0037       38h
    Segment: FAR_BSS                             E:0100      E:0101        2h
    Segment: FAR_DATA                            E:0140      E:0140        1h
    Segment: startup                             C:02A2      C:0312       71h
    Segment: workingreg                            R:E0        R:EF       10h


Module: ..\INCLUDE\SRC\ANSI.C (File: ansi.obj) Version: 1:0 06/10/2016 11:49:35

    Name                                        Base        Top      Size
    --------------------------------------- ----------- ----------- ---------
    Segment: ansi_TEXT                           C:0313      C:0905      5f3h
    Segment: FAR_DATA                            E:0146      E:014D        8h
    Segment: ROM_TEXT                            C:0298      C:02A1        ah


Module: ..\INCLUDE\SRC\TRI.C (File: tri.obj) Version: 1:0 06/10/2016 11:43:34

    Name                                        Base        Top      Size
    --------------------------------------- ----------- ----------- ---------
    Segment: FAR_DATA                            E:0739      E:0741        9h
    Segment: tri_TEXT                            C:0AE2      C:0E15      334h


Module: ..\UART\COMMON\PUTCH.C (Library: zslLYD.lib) Version: 1:0 02/23/2005 13:32:42

    Name                                        Base        Top      Size
    --------------------------------------- ----------- ----------- ---------
    Segment: putch_TEXT                          C:257C      C:25D8       5dh


Module: ..\UART\COMMON\WRITEUART0.C (Library: zslLYD.lib) Version: 1:0 02/23/2005 13:32:38

    Name                                        Base        Top      Size
    --------------------------------------- ----------- ----------- ---------
    Segment: FAR_DATA                            E:072C      E:072C        1h
    Segment: teuart0_TEXT                        C:25D9      C:2692       bah


Module: .\MAIN.C (File: main.obj) Version: 1:0 06/10/2016 11:46:37

    Name                                        Base        Top      Size
    --------------------------------------- ----------- ----------- ---------
    Segment: __VECTORS                           C:0000      C:000D        eh
    Segment: FAR_BSS                             E:0102      E:0120       1fh
    Segment: FAR_DATA                            E:054E      E:0728      1dbh
    Segment: main_TEXT                           C:0E16      C:0EB6       a1h


Module: C:\Users\martin\Desktop\GitHub\zsldevinit.asm (File: zsldevinit.obj) Version: 1:0 06/10/2016 10:42:45

    Name                                        Base        Top      Size
    --------------------------------------- ----------- ----------- ---------
    Segment: CODE                                C:0100      C:0101        2h
    Segment: FAR_DATA                            E:0141      E:0145        5h


Module: COMMON\ABS.C (Library: crtrevaaLDD.lib) Version: 1:0 02/23/2005 13:27:08

    Name                                        Base        Top      Size
    --------------------------------------- ----------- ----------- ---------
    Segment: abs_TEXT                            C:1E53      C:1E90       3eh


Module: common\fpdumyl.asm (File: fpdumyL.obj) Version: 1:0 02/23/2005 13:22:38

    Name                                        Base        Top      Size
    --------------------------------------- ----------- ----------- ---------
    Segment: CODE                                C:0102      C:0102        1h
    Segment: FAR_BSS                             E:0121      E:0124        4h


Module: common\frame.asm (Library: crtrevaaLDD.lib) Version: 1:0 02/23/2005 13:27:20

    Name                                        Base        Top      Size
    --------------------------------------- ----------- ----------- ---------
    Segment: CODE                                C:0103      C:0169       67h


Module: COMMON\ISUPPER.C (Library: crtrevaaLDD.lib) Version: 1:0 02/23/2005 13:27:10

    Name                                        Base        Top      Size
    --------------------------------------- ----------- ----------- ---------
    Segment: isupper_TEXT                        C:2693      C:26D2       40h


Module: COMMON\MAPTAB.C (Library: crtrevaaLDD.lib) Version: 1:0 02/23/2005 13:27:10

    Name                                        Base        Top      Size
    --------------------------------------- ----------- ----------- ---------
    Segment: ROM_DATA                            C:0080      C:00FF       80h


Module: COMMON\PRINT_GLOBALS.C (Library: crtrevaaLDD.lib) Version: 1:0 02/23/2005 13:27:11

    Name                                        Base        Top      Size
    --------------------------------------- ----------- ----------- ---------
    Segment: FAR_BSS                             E:0125      E:013F       1bh
    Segment: FAR_DATA                            E:072A      E:072B        2h


Module: COMMON\PRINT_PUTCH.C (Library: crtrevaaLDD.lib) Version: 1:0 02/23/2005 13:27:11

    Name                                        Base        Top      Size
    --------------------------------------- ----------- ----------- ---------
    Segment: t_putch_TEXT                        C:175C      C:1771       16h


Module: COMMON\PRINT_PUTROMSTRING.C (Library: crtrevaaLDD.lib) Version: 1:0 02/23/2005 13:27:12

    Name                                        Base        Top      Size
    --------------------------------------- ----------- ----------- ---------
    Segment: mstring_TEXT                        C:1E06      C:1E52       4dh


Module: COMMON\PRINT_PUTSTRING.C (Library: crtrevaaLDD.lib) Version: 1:0 02/23/2005 13:27:12

    Name                                        Base        Top      Size
    --------------------------------------- ----------- ----------- ---------
    Segment: tstring_TEXT                        C:17A1      C:1962      1c2h


Module: COMMON\PRINT_SEND.C (Library: crtrevaaLDD.lib) Version: 1:0 02/23/2005 13:27:12

    Name                                        Base        Top      Size
    --------------------------------------- ----------- ----------- ---------
    Segment: nt_send_TEXT                        C:1003      C:11D6      1d4h


Module: COMMON\PRINT_SPUTCH.C (Library: crtrevaaLDD.lib) Version: 1:0 02/23/2005 13:27:11

    Name                                        Base        Top      Size
    --------------------------------------- ----------- ----------- ---------
    Segment: _sputch_TEXT                        C:1772      C:17A0       2fh


Module: COMMON\PRINT_UPUTCH.C (Library: crtrevaaLDD.lib) Version: 1:0 02/23/2005 13:27:11

    Name                                        Base        Top      Size
    --------------------------------------- ----------- ----------- ---------
    Segment: _uputch_TEXT                        C:1743      C:175B       19h


Module: COMMON\PRINTF.C (Library: crtrevaaLDD.lib) Version: 1:0 02/23/2005 13:27:12

    Name                                        Base        Top      Size
    --------------------------------------- ----------- ----------- ---------
    Segment: printf_TEXT                         C:0F99      C:1002       6ah


Module: COMMON\SIO.C (Library: crtrevaaLDD.lib) Version: 1:0 02/23/2005 13:27:13

    Name                                        Base        Top      Size
    --------------------------------------- ----------- ----------- ---------
    Segment: FAR_DATA                            E:0729      E:0729        1h
    Segment: sio_TEXT                            C:0EB7      C:0F98       e2h


Module: COMMON\STRLEN.C (Library: crtrevaaLDD.lib) Version: 1:0 02/23/2005 13:27:14

    Name                                        Base        Top      Size
    --------------------------------------- ----------- ----------- ---------
    Segment: strlen_TEXT                         C:11EE      C:122F       42h


Module: COMMON\TOLOWER.C (Library: crtrevaaLDD.lib) Version: 1:0 02/23/2005 13:27:15

    Name                                        Base        Top      Size
    --------------------------------------- ----------- ----------- ---------
    Segment: tolower_TEXT                        C:2533      C:257B       49h


Module: common\ubmul.asm (Library: crtrevaaLDD.lib) Version: 1:0 02/23/2005 13:27:19

    Name                                        Base        Top      Size
    --------------------------------------- ----------- ----------- ---------
    Segment: CODE                                C:0295      C:0297        3h


Module: common\ucase.asm (Library: crtrevaaLDD.lib) Version: 1:0 02/23/2005 13:27:19

    Name                                        Base        Top      Size
    --------------------------------------- ----------- ----------- ---------
    Segment: CODE                                C:0257      C:0294       3eh


Module: common\uldiv.asm (Library: crtrevaaLDD.lib) Version: 1:0 02/23/2005 13:27:19

    Name                                        Base        Top      Size
    --------------------------------------- ----------- ----------- ---------
    Segment: CODE                                C:0202      C:0256       55h


Module: common\ulmul.asm (Library: crtrevaaLDD.lib) Version: 1:0 02/23/2005 13:27:19

    Name                                        Base        Top      Size
    --------------------------------------- ----------- ----------- ---------
    Segment: CODE                                C:016A      C:0201       98h


Module: COMMON\ULTOA.C (Library: crtrevaaLDD.lib) Version: 1:0 02/23/2005 13:27:16

    Name                                        Base        Top      Size
    --------------------------------------- ----------- ----------- ---------
    Segment: ultoa_TEXT                          C:211A      C:2532      419h


Module: COMMON\UPRINT.C (Library: crtrevaaLDD.lib) Version: 1:0 02/23/2005 13:27:16

    Name                                        Base        Top      Size
    --------------------------------------- ----------- ----------- ---------
    Segment: uprint_TEXT                         C:1230      C:171B      4ech


Module: COMMON\UPSCAN.C (Library: crtrevaaLDD.lib) Version: 1:0 02/23/2005 13:27:17

    Name                                        Base        Top      Size
    --------------------------------------- ----------- ----------- ---------
    Segment: ROM_DATA                            C:0038      C:007F       48h
    Segment: upscan_TEXT                         C:1963      C:1E05      4a3h


Module: COMMON\UREVERSE.C (Library: crtrevaaLDD.lib) Version: 1:0 02/23/2005 13:27:17

    Name                                        Base        Top      Size
    --------------------------------------- ----------- ----------- ---------
    Segment: reverse_TEXT                        C:26D3      C:27A7       d5h


Module: COMMON\USTOA.C (Library: crtrevaaLDD.lib) Version: 1:0 02/23/2005 13:27:18

    Name                                        Base        Top      Size
    --------------------------------------- ----------- ----------- ---------
    Segment: ustoa_TEXT                          C:171C      C:1742       27h


Module: COMMON\UULTOA.C (Library: crtrevaaLDD.lib) Version: 1:0 02/23/2005 13:27:18

    Name                                        Base        Top      Size
    --------------------------------------- ----------- ----------- ---------
    Segment: uultoa_TEXT                         C:1E91      C:2119      289h


Module: get_freq.asm (Library: crtrevaaLDD.lib) Version: 1:0 02/23/2005 13:27:19

    Name                                        Base        Top      Size
    --------------------------------------- ----------- ----------- ---------
    Segment: getfreq_TEXT                        C:11D7      C:11ED       17h


Module: INCLUDE\SRC\BOARD.C (File: board.obj) Version: 1:0 06/10/2016 10:42:46

    Name                                        Base        Top      Size
    --------------------------------------- ----------- ----------- ---------
    Segment: board_TEXT                          C:0906      C:09EF       eah


Module: INCLUDE\SRC\FIXPOINT.C (File: fixpoint.obj) Version: 1:0 06/10/2016 10:42:46

    Name                                        Base        Top      Size
    --------------------------------------- ----------- ----------- ---------
    Segment: FAR_DATA                            E:072D      E:0738        ch
    Segment: ixpoint_TEXT                        C:09F0      C:0AE1       f2h


Module: INCLUDE\SRC\LUT.C (File: LUT.obj) Version: 1:0 06/10/2016 10:42:47

    Name                                        Base        Top      Size
    --------------------------------------- ----------- ----------- ---------
    Segment: FAR_DATA                            E:014E      E:054D      400h

EXTERNAL DEFINITIONS:
=====================

Symbol                             Address   Module          Segment
-------------------------------- ----------- --------------- --------------------------------
_0__far_atof                          E:0121 fpdumyl         FAR_BSS                         
_0__far_frexp                         E:0121 fpdumyl         FAR_BSS                         
_0__far_modf                          E:0121 fpdumyl         FAR_BSS                         
_0__far_strtod                        E:0121 fpdumyl         FAR_BSS                         
_0__near_atof                         E:0121 fpdumyl         FAR_BSS                         
_0__near_frexp                        E:0121 fpdumyl         FAR_BSS                         
_0__near_modf                         E:0121 fpdumyl         FAR_BSS                         
_0__near_strtod                       E:0121 fpdumyl         FAR_BSS                         
_0__u_dtoe                            E:0121 fpdumyl         FAR_BSS                         
_0__u_dtof                            E:0121 fpdumyl         FAR_BSS                         
_0__u_dtog                            E:0121 fpdumyl         FAR_BSS                         
_0__u_flt_info                        E:0121 fpdumyl         FAR_BSS                         
_0__u_flt_rnd                         E:0121 fpdumyl         FAR_BSS                         
_0_acos                               E:0121 fpdumyl         FAR_BSS                         
_0_asin                               E:0121 fpdumyl         FAR_BSS                         
_0_atan                               E:0121 fpdumyl         FAR_BSS                         
_0_atan2                              E:0121 fpdumyl         FAR_BSS                         
_0_ceil                               E:0121 fpdumyl         FAR_BSS                         
_0_cosh                               E:0121 fpdumyl         FAR_BSS                         
_0_exp                                E:0121 fpdumyl         FAR_BSS                         
_0_fabs                               E:0121 fpdumyl         FAR_BSS                         
_0_floor                              E:0121 fpdumyl         FAR_BSS                         
_0_fmod                               E:0121 fpdumyl         FAR_BSS                         
_0_ldexp                              E:0121 fpdumyl         FAR_BSS                         
_0_log                                E:0121 fpdumyl         FAR_BSS                         
_0_log10                              E:0121 fpdumyl         FAR_BSS                         
_0_pow                                E:0121 fpdumyl         FAR_BSS                         
_0_sinh                               E:0121 fpdumyl         FAR_BSS                         
_0_sqrt                               E:0121 fpdumyl         FAR_BSS                         
_0_tan                                E:0121 fpdumyl         FAR_BSS                         
_0_tanh                               E:0121 fpdumyl         FAR_BSS                         
_1__far_frexp                         E:0121 fpdumyl         FAR_BSS                         
_1__far_modf                          E:0121 fpdumyl         FAR_BSS                         
_1__far_strtod                        E:0121 fpdumyl         FAR_BSS                         
_1__near_frexp                        E:0121 fpdumyl         FAR_BSS                         
_1__near_modf                         E:0121 fpdumyl         FAR_BSS                         
_1__near_strtod                       E:0121 fpdumyl         FAR_BSS                         
_1__u_dtoe                            E:0121 fpdumyl         FAR_BSS                         
_1__u_dtof                            E:0121 fpdumyl         FAR_BSS                         
_1__u_dtog                            E:0121 fpdumyl         FAR_BSS                         
_1__u_flt_info                        E:0121 fpdumyl         FAR_BSS                         
_1__u_flt_rnd                         E:0121 fpdumyl         FAR_BSS                         
_1_atan2                              E:0121 fpdumyl         FAR_BSS                         
_1_fmod                               E:0121 fpdumyl         FAR_BSS                         
_1_ldexp                              E:0121 fpdumyl         FAR_BSS                         
_1_pow                                E:0121 fpdumyl         FAR_BSS                         
_1_strtod                             E:0121 fpdumyl         FAR_BSS                         
_2__u_dtoe                            E:0121 fpdumyl         FAR_BSS                         
_2__u_dtof                            E:0121 fpdumyl         FAR_BSS                         
_2__u_dtog                            E:0121 fpdumyl         FAR_BSS                         
_2__u_flt_info                        E:0121 fpdumyl         FAR_BSS                         
___maptab                             C:0080 MAPTAB          ROM_DATA                        
___print_buff                         E:0125 PRINT_GLOBALS   FAR_BSS                         
___print_fmt                          E:0131 PRINT_GLOBALS   FAR_BSS                         
___print_leading_char                 E:013D PRINT_GLOBALS   FAR_BSS                         
___print_len                          E:013C PRINT_GLOBALS   FAR_BSS                         
___print_out                          E:013E PRINT_GLOBALS   FAR_BSS                         
___print_putch                        C:175C PRINT_PUTCH     t_putch_TEXT                    
___print_putromstring                 C:1E06 PRINT_PUTROMSTR mstring_TEXT                    
___print_send                         C:1003 PRINT_SEND      nt_send_TEXT                    
___print_sendstring                   C:17A1 PRINT_PUTSTRING tstring_TEXT                    
___print_sputch                       C:1772 PRINT_SPUTCH    _sputch_TEXT                    
___print_uputch                       C:1743 PRINT_UPUTCH    _uputch_TEXT                    
___print_xputch                       E:072A PRINT_GLOBALS   FAR_DATA                        
__close_periphdevice                  C:0101 zsldevinit      CODE                            
__far_atof                            C:0102 fpdumyl         CODE                            
__far_frexp                           C:0102 fpdumyl         CODE                            
__far_modf                            C:0102 fpdumyl         CODE                            
__far_strlen                          C:11EE STRLEN          strlen_TEXT                     
__far_strtod                          C:0102 fpdumyl         CODE                            
__fpadd                               C:0102 fpdumyl         CODE                            
__fpcmp                               C:0102 fpdumyl         CODE                            
__fpdiv                               C:0102 fpdumyl         CODE                            
__fpftol                              C:0102 fpdumyl         CODE                            
__fpltof                              C:0102 fpdumyl         CODE                            
__fpmul                               C:0102 fpdumyl         CODE                            
__fpneg                               C:0102 fpdumyl         CODE                            
__fppack                              C:0102 fpdumyl         CODE                            
__fpsub                               C:0102 fpdumyl         CODE                            
__fpultof                             C:0102 fpdumyl         CODE                            
__fpupop1                             C:0102 fpdumyl         CODE                            
__fpupop2                             C:0102 fpdumyl         CODE                            
__framereset                          C:012E frame           CODE                            
__frameset                            C:010F frame           CODE                            
__frameset0                           C:010D frame           CODE                            
__frameset00                          C:010B frame           CODE                            
__iframereset                         C:0145 frame           CODE                            
__iframeset00                         C:0103 frame           CODE                            
__intrp                               E:0140 startupl        FAR_DATA                        
__near_atof                           C:0102 fpdumyl         CODE                            
__near_frexp                          C:0102 fpdumyl         CODE                            
__near_modf                           C:0102 fpdumyl         CODE                            
__near_strtod                         C:0102 fpdumyl         CODE                            
__open_periphdevice                   C:0100 zsldevinit      CODE                            
__sbmul                               C:0295 ubmul           CODE                            
__slmul                               C:016A ulmul           CODE                            
__u_dtoe                              C:0102 fpdumyl         CODE                            
__u_dtof                              C:0102 fpdumyl         CODE                            
__u_dtog                              C:0102 fpdumyl         CODE                            
__u_flt_info                          C:0102 fpdumyl         CODE                            
__u_flt_rnd                           C:0102 fpdumyl         CODE                            
__u_ltoa                              C:211A ULTOA           ultoa_TEXT                      
__u_print                             C:1230 UPRINT          uprint_TEXT                     
__u_pscan                             C:1963 UPSCAN          upscan_TEXT                     
__u_reverse                           C:26D3 UREVERSE        reverse_TEXT                    
__u_stoa                              C:171C USTOA           ustoa_TEXT                      
__u_ultoa                             C:1E91 UULTOA          uultoa_TEXT                     
__ubmul                               C:0295 ubmul           CODE                            
__ucase                               C:0257 ucase           CODE                            
__uldiv                               C:0202 uldiv           CODE                            
__ulmul                               C:016A ulmul           CODE                            
__user_frequency                    01194000 (User Defined)
_abs                                  C:1E53 ABS             abs_TEXT                        
_acos                                 C:0102 fpdumyl         CODE                            
_asin                                 C:0102 fpdumyl         CODE                            
_atan                                 C:0102 fpdumyl         CODE                            
_atan2                                C:0102 fpdumyl         CODE                            
_bgcolor                              C:03A9 ANSI            ansi_TEXT                       
_blink                                C:062D ANSI            ansi_TEXT                       
_c_startup                            C:02A2 startupl        startup                         
_ceil                                 C:0102 fpdumyl         CODE                            
_character_data                       E:054E MAIN            FAR_DATA                        
_close_periphdevice                   C:0101 zsldevinit      CODE                            
_clreol                               C:050C ANSI            ansi_TEXT                       
_clrscr                               C:04DB ANSI            ansi_TEXT                       
_color                                C:03F4 ANSI            ansi_TEXT                       
_cos                                  C:0BFB TRI             tri_TEXT                        
_cosh                                 C:0102 fpdumyl         CODE                            
_errno                                E:0100 startupl        FAR_BSS                         
_exit                                 C:0311 startupl        startup                         
_exp                                  C:0102 fpdumyl         CODE                            
_expand                               C:0ABF FIXPOINT        ixpoint_TEXT                    
_fabs                                 C:0102 fpdumyl         CODE                            
_far_heapbot                        00000741 (User Defined)
_far_heaptop                        00000EFF (User Defined)
_far_stack                          00000EFF (User Defined)
_fgcolor                              C:0313 ANSI            ansi_TEXT                       
_flag                                 E:0120 MAIN            FAR_BSS                         
_floor                                C:0102 fpdumyl         CODE                            
_fmod                                 C:0102 fpdumyl         CODE                            
_g_clock0                             E:0142 zsldevinit      FAR_DATA                        
_g_clock1                             E:0142 zsldevinit      FAR_DATA                        
_g_simulate                           E:0141 zsldevinit      FAR_DATA                        
_g_Txflag0                            E:072C WRITEUART0      FAR_DATA                        
_get_freq                             C:11DB get_freq        getfreq_TEXT                    
_gotoxy                               C:053D ANSI            ansi_TEXT                       
_init_uart                            C:0EE5 SIO             sio_TEXT                        
_initButton                           C:0906 BOARD           board_TEXT                      
_initConsole                          C:0986 BOARD           board_TEXT                      
_initTimer                            C:095B BOARD           board_TEXT                      
_initVector                           C:0AE2 TRI             tri_TEXT                        
_isupper                              C:2693 ISUPPER         isupper_TEXT                    
_ldexp                                C:0102 fpdumyl         CODE                            
_LEDinit                              C:09C9 BOARD           board_TEXT                      
_len_farbss                         00000040 (User Defined)
_len_fardata                        00000602 (User Defined)
_len_nearbss                        00000000 (User Defined)
_len_neardata                       00000000 (User Defined)
_log                                  C:0102 fpdumyl         CODE                            
_log10                                C:0102 fpdumyl         CODE                            
_low_far_romdata                    000027A8 (User Defined)
_low_farbss                         00000100 (User Defined)
_low_fardata                        00000140 (User Defined)
_low_near_romdata                   00000000 (User Defined)
_low_nearbss                        00000000 (User Defined)
_low_neardata                       00000000 (User Defined)
_main                                 C:0E24 MAIN            main_TEXT                       
_near_heapbot                       000000EF (User Defined)
_near_heaptop                       000000FF (User Defined)
_near_stack                         000000FF (User Defined)
_open_periphdevice                    C:0100 zsldevinit      CODE                            
_pow                                  C:0102 fpdumyl         CODE                            
_printf                               C:0F99 PRINTF          printf_TEXT                     
_printFix                             C:09F0 FIXPOINT        ixpoint_TEXT                    
_printV                               C:0B19 TRI             tri_TEXT                        
_putch                                C:257C PUTCH           putch_TEXT                      
_readKey                              C:0925 BOARD           board_TEXT                      
_resetbgcolor                         C:04AA ANSI            ansi_TEXT                       
_reverse                              C:06BE ANSI            ansi_TEXT                       
_rotate                               C:0C2D TRI             tri_TEXT                        
_select_port                          C:0EB7 SIO             sio_TEXT                        
_sin                                  C:0BBD TRI             tri_TEXT                        
_SIN                                  E:014E LUT             FAR_DATA                        
_sinh                                 C:0102 fpdumyl         CODE                            
_sqrt                                 C:0102 fpdumyl         CODE                            
_tan                                  C:0102 fpdumyl         CODE                            
_tanh                                 C:0102 fpdumyl         CODE                            
_timer0int                            C:0E16 MAIN            main_TEXT                       
_tolower                              C:2533 TOLOWER         tolower_TEXT                    
_underline                            C:059C ANSI            ansi_TEXT                       
_videoBuffer                          E:0102 MAIN            FAR_BSS                         
_window                               C:074F ANSI            ansi_TEXT                       
_write_UART0                          C:25D9 WRITEUART0      teuart0_TEXT                    
_zsl_g_clock_xdefine                01194000 (User Defined)

194 external symbol(s).

UNDEFINED SYMBOL CROSS REFERENCE:
=================================
Name                              Use         Module
--------------------------------- ----------- -------------------------
_free                             UNDEFINED
                                  Referenced  ..\INCLUDE\SRC\ANSI.C


START ADDRESS:
==============
(C:02A2) set in module ..\..\src\boot\common\startupl.asm.

CALL GRAPH
==========
Depth Address    CF Function                       Calls Function
----- ---------- -- ------------------------------ --------------------------------
    1 R:20        0 _get_freq                      ->
    2 E:0100      0 _f__far_modf                   ->
    3 R:20        0 _n__floor                      ->
    4 R:20        0 _n___u_flt_rnd                 ->
    5 R:20        0 _n__far_modf                   ->
    6 R:20        0 _n__sqrt                       ->
    7 R:20        0 _n__near_modf                  ->
    8 E:0100      0 _f__atan                       ->
    9 E:0100      0 _f__pow                        ->
   10 R:20        0 _n__near_strtod                ->
   11 E:0100      0 _f__atan2                      ->
   12 R:20        0 _n__far_strtod                 ->
   13 E:0100      0 _f__far_strtod                 ->
   14 R:20        0 _n__atan                       ->
   15 E:0100      0 _f__log10                      ->
   16 E:0100      0 _f__log                        ->
   17 E:0100      0 _f__floor                      ->
   18 R:20        0 _n__exp                        ->
   19 E:0100      0 _f__fmod                       ->
   20 E:0100      0 _f__near_modf                  ->
   21 R:20        0 _n__tan                        ->
   22 E:0100      0 _f___u_flt_info                ->
   23 R:20        0 _n__atan2                      ->
   24 R:20        0 _n__near_atof                  ->
   25 E:0100      0 _f__far_atof                   ->
   26 R:20        0 _n__far_atof                   ->
   27 E:0100      0 _f__acos                       ->
   28 E:0100      0 _f__cosh                       ->
   29 R:20        0 _n___u_dtog                    ->
   30 R:20        0 _n___u_dtof                    ->
   31 R:20        0 _n___u_dtoe                    ->
   32 R:20        0 _n__cosh                       ->
   33 R:20        0 _n__sinh                       ->
   34 R:20        0 _n__acos                       ->
   35 E:0100      0 _f__far_frexp                  ->
   36 E:0100      0 _f__tan                        ->
   37 R:20        0 _n__ldexp                      ->
   38 E:0100      0 _f__tanh                       ->
   39 R:20        0 _n___u_flt_info                ->
   40 E:0100      0 _f__sinh                       ->
   41 E:0100      0 _f__near_frexp                 ->
   42 E:0100      0 _f__near_atof                  ->
   43 E:0100      0 _f___u__dtog                   ->
   44 E:0100      0 _f___u__dtof                   ->
   45 E:0100      0 _f___u__dtoe                   ->
   46 R:20        0 _n__tanh                       ->
   47 R:20        0 _n__near_frexp                 ->
   48 R:20        0 _n__far_frexp                  ->
   49 E:0100      0 _f__ldexp                      ->
   50 E:0100      0 _f__asin                       ->
   51 R:20        0 _n__fabs                       ->
   52 E:0100      0 _f__ceil                       ->
   53 R:20        0 _n__pow                        ->
   54 E:0100      0 _f__near_strtod                ->
   55 E:0100      0 _f__fabs                       ->
   56 R:20        0 _n__ceil                       ->
   57 R:20        0 _n__fmod                       ->
   58 R:20        0 _n__log10                      ->
   59 R:20        0 _n__asin                       ->
   60 E:0100      0 _f__sqrt                       ->
   61 E:0100      0 _f___u_flt_rnd                 ->
   62 R:20        0 _n__log                        ->
   63 E:0100      0 _f__exp                        ->


END OF LINK MAP:
================
0 Errors
1 Warnings
