
IEEE 695 OMF Linker Version 6.03 (05021601)
Copyright (C) 1999-2004 ZiLOG, Inc. All Rights Reserved

LINK MAP:

DATE:      Mon Jun 13 10:26:44 2016
PROCESSOR: assembler
FILES:     C:\PROGRA~2\ZiLOG\ZDSII_~1.3\lib\zilog\startupL.obj
           .\zsldevinit.obj
           .\ansi.obj             .\board.obj            .\fixpoint.obj         
           .\LUT.obj              .\styring.obj          .\tri.obj              
           .\main.obj             
           C:\PROGRA~2\ZiLOG\ZDSII_~1.3\lib\std\crtrevaaLDD.lib
           C:\PROGRA~2\ZiLOG\ZDSII_~1.3\lib\std\fpdumyL.obj
           C:\PROGRA~2\ZiLOG\ZDSII_~1.3\lib\zilog\zslLYD.lib
           


COMMAND LIST:
=============
/* Linker Command File - reflex-ball Debug */

/* compiler options */
/* -alias -asm -bitfieldsize:32 -charsize:8 -const:RAM -debug */
/* -define:_Z8F6403 -define:_Z8ENCORE_640_FAMILY */
/* -define:_Z8ENCORE_F640X -define:_MODEL_LARGE -doublesize:32 */
/* -NOexpmac -floatsize:32 -NOfplib -genprintf -NOglobalcopy */
/* -NOglobalcse -NOglobalfold -intrinsic -intsize:16 -intsrc */
/* -NOjmpopt -NOkeepasm -NOkeeplst -NOlist -NOlistinc -localcopy */
/* -localcse -localfold -longsize:32 -NOloopopt -maxerrs:50 -model:L */
/* -NOoptlink -optsize -peephole -NOpromote -quiet -regvar -revaa */
/* -NOsdiopt -shortsize:16 */
/* -stdinc:"C:\PROGRA~2\ZiLOG\ZDSII_~1.3\include\std;C:\PROGRA~2\ZiLOG\ZDSII_~1.3\include\zilog;C:\PROGRA~2\ZiLOG\ZDSII_~1.3\include\zilog\Z8Encore_F640X" */
/* -strict -usrinc:"C:\Users\martin\Desktop\GitHub\include" -NOwatch */
/* -cpu:Z8F6403 */
/* -asmsw:" -cpu:Z8F6403 -define:_Z8F6403=1 -define:_Z8ENCORE_640_FAMILY=1 -define:_Z8ENCORE_F640X=1 -define:_MODEL_LARGE=1 -include:C:\PROGRA~2\ZiLOG\ZDSII_~1.3\include\std;C:\PROGRA~2\ZiLOG\ZDSII_~1.3\include\zilog;C:\PROGRA~2\ZiLOG\ZDSII_~1.3\include\zilog\Z8Encore_F640X -revaa" */

/* assembler options */
/* -debug -define:_Z8F6403=1 -define:_Z8ENCORE_640_FAMILY=1 */
/* -define:_Z8ENCORE_F640X=1 -define:_MODEL_LARGE=1 -genobj */
/* -NOigcase */
/* -include:"C:\PROGRA~2\ZiLOG\ZDSII_~1.3\include\std;C:\PROGRA~2\ZiLOG\ZDSII_~1.3\include\zilog;C:\PROGRA~2\ZiLOG\ZDSII_~1.3\include\zilog\Z8Encore_F640X" */
/* -list -NOlistmac -name -pagelen:56 -pagewidth:80 -quiet -sdiopt */
/* -warn -NOzmasm -revaa -cpu:Z8F6403 */

-FORMAT=OMF695
-NOigcase -map -quiet -warn -NOwarnoverlap -NOxref

RANGE ROM $0 : $FFFF
RANGE RDATA $20 : $FF
RANGE EDATA $100 : $EFF

CHANGE TEXT=EDATA
CHANGE TEXT=FAR_DATA
change NEAR_TXT=NEAR_DATA
change FAR_TXT=FAR_DATA
ORDER FAR_BSS, FAR_DATA
ORDER NEAR_BSS,NEAR_DATA
COPY NEAR_DATA ROM
COPY FAR_DATA ROM

define _low_near_romdata = copy base of NEAR_DATA
define _low_neardata = base of NEAR_DATA
define _len_neardata = length of NEAR_DATA
define _low_far_romdata = copy base of FAR_DATA
define _low_fardata = base of FAR_DATA
define _len_fardata = length of FAR_DATA
define _low_nearbss = base of NEAR_BSS
define _len_nearbss = length of NEAR_BSS
define _low_farbss = base of FAR_BSS
define _len_farbss = length of FAR_BSS
define _far_heaptop = highaddr of EDATA
define _far_stack = highaddr of EDATA
define _near_stack = highaddr of RDATA
define _far_heapbot = top of EDATA
define _near_heaptop = highaddr of RDATA
define _near_heapbot = top of RDATA

define _zsl_g_clock_xdefine = 18432000

/* Set frequency to 18432000 Hz */
define __user_frequency = 18432000

"C:\Users\martin\Desktop\GitHub\MARTIN~1\reflex-ball"=  C:\PROGRA~2\ZiLOG\ZDSII_~1.3\lib\zilog\startupL.obj,  .\zsldevinit.obj,  .\ansi.obj,  .\board.obj,  .\fixpoint.obj,  .\LUT.obj,  .\styring.obj,  .\tri.obj,  .\main.obj,  C:\PROGRA~2\ZiLOG\ZDSII_~1.3\lib\std\crtrevaaLDD.lib,  C:\PROGRA~2\ZiLOG\ZDSII_~1.3\lib\std\fpdumyL.obj,  C:\PROGRA~2\ZiLOG\ZDSII_~1.3\lib\zilog\zslLYD.lib


SEGMENT OVERLAYS:
=================

Name                                     Base        Top       Length
------------------------------------ ----------- ----------- ----------
Section: __VECTORS                        C:0000      C:000E         fh

SPACE ALLOCATION:
=================

Space              Base        Top         Size
------------------ ----------- ----------- ---------
EDATA                   E:0100      E:073A      63bh
RDATA                     R:E0        R:EF       10h
ROM                     C:0000      C:32CC     32cdh


SEGMENTS WITHIN SPACE:
======================

EDATA              Type                Base        Top         Size
------------------ ------------------- ----------- ----------- ---------
FAR_BSS            normal data              E:0100      E:0121       22h
FAR_DATA           normal data              E:0122      E:073A      619h


RDATA              Type                Base        Top         Size
------------------ ------------------- ----------- ----------- ---------
workingreg         absolute data              R:E0        R:EF       10h


ROM                Type                Base        Top         Size
------------------ ------------------- ----------- ----------- ---------
__VECTORS          absolute data            C:0000      C:0037       38h
_sputch_TEXT       normal data              C:2097      C:20C5       2fh
_uputch_TEXT       normal data              C:2068      C:2080       19h
abs_TEXT           normal data              C:2778      C:27B5       3eh
ansi_TEXT          normal data              C:031E      C:0902      5e5h
board_TEXT         normal data              C:0903      C:09EC       eah
CODE               normal data              C:0100      C:0297      198h
FAR_DATA           * segment copy *         C:2CB4      C:32CC      619h
getfreq_TEXT       normal data              C:16E3      C:16F9       17h
isupper_TEXT       normal data              C:2C74      C:2CB3       40h
ixpoint_TEXT       normal data              C:09ED      C:0ADE       f2h
main_TEXT          normal data              C:12FE      C:13C2       c5h
mstring_TEXT       normal data              C:272B      C:2777       4dh
nt_send_TEXT       normal data              C:150F      C:16E2      1d4h
printf_TEXT        normal data              C:14A5      C:150E       6ah
putch_TEXT         normal data              C:2B5D      C:2BB9       5dh
reverse_TEXT       normal data              C:27B6      C:288A       d5h
ROM_DATA           normal data              C:0038      C:00FF       c8h
ROM_TEXT           normal data              C:0298      C:02AC       15h
sio_TEXT           normal data              C:13C3      C:14A4       e2h
startup            normal data              C:02AD      C:031D       71h
strlen_TEXT        normal data              C:1B13      C:1B54       42h
styring_TEXT       normal data              C:0ADF      C:0EA5      3c7h
t_putch_TEXT       normal data              C:2081      C:2096       16h
teuart0_TEXT       normal data              C:2BBA      C:2C73       bah
tolower_TEXT       normal data              C:2B14      C:2B5C       49h
tri_TEXT           normal data              C:0EA6      C:12FD      458h
tstring_TEXT       normal data              C:20C6      C:2287      1c2h
ultoa_TEXT         normal data              C:16FA      C:1B12      419h
uprint_TEXT        normal data              C:1B55      C:2040      4ech
upscan_TEXT        normal data              C:2288      C:272A      4a3h
ustoa_TEXT         normal data              C:2041      C:2067       27h
uultoa_TEXT        normal data              C:288B      C:2B13      289h

SEGMENTS WITHIN MODULES:
========================

Module: ..\..\src\boot\common\startupl.asm (File: startupL.obj) Version: 1:0 02/23/2005 13:22:37

    Name                                        Base        Top      Size
    --------------------------------------- ----------- ----------- ---------
    Segment: __VECTORS                           C:0000      C:0037       38h
    Segment: FAR_BSS                             E:0100      E:0101        2h
    Segment: FAR_DATA                            E:0122      E:0122        1h
    Segment: startup                             C:02AD      C:031D       71h
    Segment: workingreg                            R:E0        R:EF       10h


Module: ..\INCLUDE\SRC\ANSI.C (File: ansi.obj) Version: 1:0 06/13/2016 09:44:11

    Name                                        Base        Top      Size
    --------------------------------------- ----------- ----------- ---------
    Segment: ansi_TEXT                           C:031E      C:0902      5e5h
    Segment: FAR_DATA                            E:0128      E:012F        8h
    Segment: ROM_TEXT                            C:0298      C:02A1        ah


Module: ..\INCLUDE\SRC\BOARD.C (File: board.obj) Version: 1:0 06/13/2016 09:44:12

    Name                                        Base        Top      Size
    --------------------------------------- ----------- ----------- ---------
    Segment: board_TEXT                          C:0903      C:09EC       eah


Module: ..\INCLUDE\SRC\FIXPOINT.C (File: fixpoint.obj) Version: 1:0 06/13/2016 09:44:12

    Name                                        Base        Top      Size
    --------------------------------------- ----------- ----------- ---------
    Segment: FAR_DATA                            E:070F      E:071A        ch
    Segment: ixpoint_TEXT                        C:09ED      C:0ADE       f2h


Module: ..\INCLUDE\SRC\LUT.C (File: LUT.obj) Version: 1:0 06/13/2016 09:44:13

    Name                                        Base        Top      Size
    --------------------------------------- ----------- ----------- ---------
    Segment: FAR_DATA                            E:0130      E:052F      400h


Module: ..\INCLUDE\SRC\STYRING.C (File: styring.obj) Version: 1:0 06/13/2016 10:20:03

    Name                                        Base        Top      Size
    --------------------------------------- ----------- ----------- ---------
    Segment: ROM_TEXT                            C:02A2      C:02AC        bh
    Segment: styring_TEXT                        C:0ADF      C:0EA5      3c7h


Module: ..\INCLUDE\SRC\TRI.C (File: tri.obj) Version: 1:0 06/13/2016 10:26:43

    Name                                        Base        Top      Size
    --------------------------------------- ----------- ----------- ---------
    Segment: FAR_DATA                            E:071B      E:073A       20h
    Segment: tri_TEXT                            C:0EA6      C:12FD      458h


Module: ..\UART\COMMON\PUTCH.C (Library: zslLYD.lib) Version: 1:0 02/23/2005 13:32:42

    Name                                        Base        Top      Size
    --------------------------------------- ----------- ----------- ---------
    Segment: putch_TEXT                          C:2B5D      C:2BB9       5dh


Module: ..\UART\COMMON\WRITEUART0.C (Library: zslLYD.lib) Version: 1:0 02/23/2005 13:32:38

    Name                                        Base        Top      Size
    --------------------------------------- ----------- ----------- ---------
    Segment: FAR_DATA                            E:070E      E:070E        1h
    Segment: teuart0_TEXT                        C:2BBA      C:2C73       bah


Module: .\MAIN.C (File: main.obj) Version: 1:0 06/13/2016 10:21:29

    Name                                        Base        Top      Size
    --------------------------------------- ----------- ----------- ---------
    Segment: __VECTORS                           C:0000      C:000D        eh
    Segment: FAR_BSS                             E:0102      E:0102        1h
    Segment: FAR_DATA                            E:0530      E:070A      1dbh
    Segment: main_TEXT                           C:12FE      C:13C2       c5h


Module: C:\Users\martin\Desktop\GitHub\MARTIN~1\zsldevinit.asm (File: zsldevinit.obj) Version: 1:0 06/13/2016 09:43:38

    Name                                        Base        Top      Size
    --------------------------------------- ----------- ----------- ---------
    Segment: CODE                                C:0100      C:0101        2h
    Segment: FAR_DATA                            E:0123      E:0127        5h


Module: COMMON\ABS.C (Library: crtrevaaLDD.lib) Version: 1:0 02/23/2005 13:27:08

    Name                                        Base        Top      Size
    --------------------------------------- ----------- ----------- ---------
    Segment: abs_TEXT                            C:2778      C:27B5       3eh


Module: common\fpdumyl.asm (File: fpdumyL.obj) Version: 1:0 02/23/2005 13:22:38

    Name                                        Base        Top      Size
    --------------------------------------- ----------- ----------- ---------
    Segment: CODE                                C:0102      C:0102        1h
    Segment: FAR_BSS                             E:0103      E:0106        4h


Module: common\frame.asm (Library: crtrevaaLDD.lib) Version: 1:0 02/23/2005 13:27:20

    Name                                        Base        Top      Size
    --------------------------------------- ----------- ----------- ---------
    Segment: CODE                                C:0103      C:0169       67h


Module: COMMON\ISUPPER.C (Library: crtrevaaLDD.lib) Version: 1:0 02/23/2005 13:27:10

    Name                                        Base        Top      Size
    --------------------------------------- ----------- ----------- ---------
    Segment: isupper_TEXT                        C:2C74      C:2CB3       40h


Module: COMMON\MAPTAB.C (Library: crtrevaaLDD.lib) Version: 1:0 02/23/2005 13:27:10

    Name                                        Base        Top      Size
    --------------------------------------- ----------- ----------- ---------
    Segment: ROM_DATA                            C:0080      C:00FF       80h


Module: COMMON\PRINT_GLOBALS.C (Library: crtrevaaLDD.lib) Version: 1:0 02/23/2005 13:27:11

    Name                                        Base        Top      Size
    --------------------------------------- ----------- ----------- ---------
    Segment: FAR_BSS                             E:0107      E:0121       1bh
    Segment: FAR_DATA                            E:070C      E:070D        2h


Module: COMMON\PRINT_PUTCH.C (Library: crtrevaaLDD.lib) Version: 1:0 02/23/2005 13:27:11

    Name                                        Base        Top      Size
    --------------------------------------- ----------- ----------- ---------
    Segment: t_putch_TEXT                        C:2081      C:2096       16h


Module: COMMON\PRINT_PUTROMSTRING.C (Library: crtrevaaLDD.lib) Version: 1:0 02/23/2005 13:27:12

    Name                                        Base        Top      Size
    --------------------------------------- ----------- ----------- ---------
    Segment: mstring_TEXT                        C:272B      C:2777       4dh


Module: COMMON\PRINT_PUTSTRING.C (Library: crtrevaaLDD.lib) Version: 1:0 02/23/2005 13:27:12

    Name                                        Base        Top      Size
    --------------------------------------- ----------- ----------- ---------
    Segment: tstring_TEXT                        C:20C6      C:2287      1c2h


Module: COMMON\PRINT_SEND.C (Library: crtrevaaLDD.lib) Version: 1:0 02/23/2005 13:27:12

    Name                                        Base        Top      Size
    --------------------------------------- ----------- ----------- ---------
    Segment: nt_send_TEXT                        C:150F      C:16E2      1d4h


Module: COMMON\PRINT_SPUTCH.C (Library: crtrevaaLDD.lib) Version: 1:0 02/23/2005 13:27:11

    Name                                        Base        Top      Size
    --------------------------------------- ----------- ----------- ---------
    Segment: _sputch_TEXT                        C:2097      C:20C5       2fh


Module: COMMON\PRINT_UPUTCH.C (Library: crtrevaaLDD.lib) Version: 1:0 02/23/2005 13:27:11

    Name                                        Base        Top      Size
    --------------------------------------- ----------- ----------- ---------
    Segment: _uputch_TEXT                        C:2068      C:2080       19h


Module: COMMON\PRINTF.C (Library: crtrevaaLDD.lib) Version: 1:0 02/23/2005 13:27:12

    Name                                        Base        Top      Size
    --------------------------------------- ----------- ----------- ---------
    Segment: printf_TEXT                         C:14A5      C:150E       6ah


Module: COMMON\SIO.C (Library: crtrevaaLDD.lib) Version: 1:0 02/23/2005 13:27:13

    Name                                        Base        Top      Size
    --------------------------------------- ----------- ----------- ---------
    Segment: FAR_DATA                            E:070B      E:070B        1h
    Segment: sio_TEXT                            C:13C3      C:14A4       e2h


Module: COMMON\STRLEN.C (Library: crtrevaaLDD.lib) Version: 1:0 02/23/2005 13:27:14

    Name                                        Base        Top      Size
    --------------------------------------- ----------- ----------- ---------
    Segment: strlen_TEXT                         C:1B13      C:1B54       42h


Module: COMMON\TOLOWER.C (Library: crtrevaaLDD.lib) Version: 1:0 02/23/2005 13:27:15

    Name                                        Base        Top      Size
    --------------------------------------- ----------- ----------- ---------
    Segment: tolower_TEXT                        C:2B14      C:2B5C       49h


Module: common\ubmul.asm (Library: crtrevaaLDD.lib) Version: 1:0 02/23/2005 13:27:19

    Name                                        Base        Top      Size
    --------------------------------------- ----------- ----------- ---------
    Segment: CODE                                C:0295      C:0297        3h


Module: common\ucase.asm (Library: crtrevaaLDD.lib) Version: 1:0 02/23/2005 13:27:19

    Name                                        Base        Top      Size
    --------------------------------------- ----------- ----------- ---------
    Segment: CODE                                C:0257      C:0294       3eh


Module: common\uldiv.asm (Library: crtrevaaLDD.lib) Version: 1:0 02/23/2005 13:27:19

    Name                                        Base        Top      Size
    --------------------------------------- ----------- ----------- ---------
    Segment: CODE                                C:0202      C:0256       55h


Module: common\ulmul.asm (Library: crtrevaaLDD.lib) Version: 1:0 02/23/2005 13:27:19

    Name                                        Base        Top      Size
    --------------------------------------- ----------- ----------- ---------
    Segment: CODE                                C:016A      C:0201       98h


Module: COMMON\ULTOA.C (Library: crtrevaaLDD.lib) Version: 1:0 02/23/2005 13:27:16

    Name                                        Base        Top      Size
    --------------------------------------- ----------- ----------- ---------
    Segment: ultoa_TEXT                          C:16FA      C:1B12      419h


Module: COMMON\UPRINT.C (Library: crtrevaaLDD.lib) Version: 1:0 02/23/2005 13:27:16

    Name                                        Base        Top      Size
    --------------------------------------- ----------- ----------- ---------
    Segment: uprint_TEXT                         C:1B55      C:2040      4ech


Module: COMMON\UPSCAN.C (Library: crtrevaaLDD.lib) Version: 1:0 02/23/2005 13:27:17

    Name                                        Base        Top      Size
    --------------------------------------- ----------- ----------- ---------
    Segment: ROM_DATA                            C:0038      C:007F       48h
    Segment: upscan_TEXT                         C:2288      C:272A      4a3h


Module: COMMON\UREVERSE.C (Library: crtrevaaLDD.lib) Version: 1:0 02/23/2005 13:27:17

    Name                                        Base        Top      Size
    --------------------------------------- ----------- ----------- ---------
    Segment: reverse_TEXT                        C:27B6      C:288A       d5h


Module: COMMON\USTOA.C (Library: crtrevaaLDD.lib) Version: 1:0 02/23/2005 13:27:18

    Name                                        Base        Top      Size
    --------------------------------------- ----------- ----------- ---------
    Segment: ustoa_TEXT                          C:2041      C:2067       27h


Module: COMMON\UULTOA.C (Library: crtrevaaLDD.lib) Version: 1:0 02/23/2005 13:27:18

    Name                                        Base        Top      Size
    --------------------------------------- ----------- ----------- ---------
    Segment: uultoa_TEXT                         C:288B      C:2B13      289h


Module: get_freq.asm (Library: crtrevaaLDD.lib) Version: 1:0 02/23/2005 13:27:19

    Name                                        Base        Top      Size
    --------------------------------------- ----------- ----------- ---------
    Segment: getfreq_TEXT                        C:16E3      C:16F9       17h

EXTERNAL DEFINITIONS:
=====================

Symbol                             Address   Module          Segment
-------------------------------- ----------- --------------- --------------------------------
_0__far_atof                          E:0103 fpdumyl         FAR_BSS                         
_0__far_frexp                         E:0103 fpdumyl         FAR_BSS                         
_0__far_modf                          E:0103 fpdumyl         FAR_BSS                         
_0__far_strtod                        E:0103 fpdumyl         FAR_BSS                         
_0__near_atof                         E:0103 fpdumyl         FAR_BSS                         
_0__near_frexp                        E:0103 fpdumyl         FAR_BSS                         
_0__near_modf                         E:0103 fpdumyl         FAR_BSS                         
_0__near_strtod                       E:0103 fpdumyl         FAR_BSS                         
_0__u_dtoe                            E:0103 fpdumyl         FAR_BSS                         
_0__u_dtof                            E:0103 fpdumyl         FAR_BSS                         
_0__u_dtog                            E:0103 fpdumyl         FAR_BSS                         
_0__u_flt_info                        E:0103 fpdumyl         FAR_BSS                         
_0__u_flt_rnd                         E:0103 fpdumyl         FAR_BSS                         
_0_acos                               E:0103 fpdumyl         FAR_BSS                         
_0_asin                               E:0103 fpdumyl         FAR_BSS                         
_0_atan                               E:0103 fpdumyl         FAR_BSS                         
_0_atan2                              E:0103 fpdumyl         FAR_BSS                         
_0_ceil                               E:0103 fpdumyl         FAR_BSS                         
_0_cosh                               E:0103 fpdumyl         FAR_BSS                         
_0_exp                                E:0103 fpdumyl         FAR_BSS                         
_0_fabs                               E:0103 fpdumyl         FAR_BSS                         
_0_floor                              E:0103 fpdumyl         FAR_BSS                         
_0_fmod                               E:0103 fpdumyl         FAR_BSS                         
_0_ldexp                              E:0103 fpdumyl         FAR_BSS                         
_0_log                                E:0103 fpdumyl         FAR_BSS                         
_0_log10                              E:0103 fpdumyl         FAR_BSS                         
_0_pow                                E:0103 fpdumyl         FAR_BSS                         
_0_sinh                               E:0103 fpdumyl         FAR_BSS                         
_0_sqrt                               E:0103 fpdumyl         FAR_BSS                         
_0_tan                                E:0103 fpdumyl         FAR_BSS                         
_0_tanh                               E:0103 fpdumyl         FAR_BSS                         
_1__far_frexp                         E:0103 fpdumyl         FAR_BSS                         
_1__far_modf                          E:0103 fpdumyl         FAR_BSS                         
_1__far_strtod                        E:0103 fpdumyl         FAR_BSS                         
_1__near_frexp                        E:0103 fpdumyl         FAR_BSS                         
_1__near_modf                         E:0103 fpdumyl         FAR_BSS                         
_1__near_strtod                       E:0103 fpdumyl         FAR_BSS                         
_1__u_dtoe                            E:0103 fpdumyl         FAR_BSS                         
_1__u_dtof                            E:0103 fpdumyl         FAR_BSS                         
_1__u_dtog                            E:0103 fpdumyl         FAR_BSS                         
_1__u_flt_info                        E:0103 fpdumyl         FAR_BSS                         
_1__u_flt_rnd                         E:0103 fpdumyl         FAR_BSS                         
_1_atan2                              E:0103 fpdumyl         FAR_BSS                         
_1_fmod                               E:0103 fpdumyl         FAR_BSS                         
_1_ldexp                              E:0103 fpdumyl         FAR_BSS                         
_1_pow                                E:0103 fpdumyl         FAR_BSS                         
_1_strtod                             E:0103 fpdumyl         FAR_BSS                         
_2__u_dtoe                            E:0103 fpdumyl         FAR_BSS                         
_2__u_dtof                            E:0103 fpdumyl         FAR_BSS                         
_2__u_dtog                            E:0103 fpdumyl         FAR_BSS                         
_2__u_flt_info                        E:0103 fpdumyl         FAR_BSS                         
___maptab                             C:0080 MAPTAB          ROM_DATA                        
___print_buff                         E:0107 PRINT_GLOBALS   FAR_BSS                         
___print_fmt                          E:0113 PRINT_GLOBALS   FAR_BSS                         
___print_leading_char                 E:011F PRINT_GLOBALS   FAR_BSS                         
___print_len                          E:011E PRINT_GLOBALS   FAR_BSS                         
___print_out                          E:0120 PRINT_GLOBALS   FAR_BSS                         
___print_putch                        C:2081 PRINT_PUTCH     t_putch_TEXT                    
___print_putromstring                 C:272B PRINT_PUTROMSTR mstring_TEXT                    
___print_send                         C:150F PRINT_SEND      nt_send_TEXT                    
___print_sendstring                   C:20C6 PRINT_PUTSTRING tstring_TEXT                    
___print_sputch                       C:2097 PRINT_SPUTCH    _sputch_TEXT                    
___print_uputch                       C:2068 PRINT_UPUTCH    _uputch_TEXT                    
___print_xputch                       E:070C PRINT_GLOBALS   FAR_DATA                        
__close_periphdevice                  C:0101 zsldevinit      CODE                            
__far_atof                            C:0102 fpdumyl         CODE                            
__far_frexp                           C:0102 fpdumyl         CODE                            
__far_modf                            C:0102 fpdumyl         CODE                            
__far_strlen                          C:1B13 STRLEN          strlen_TEXT                     
__far_strtod                          C:0102 fpdumyl         CODE                            
__fpadd                               C:0102 fpdumyl         CODE                            
__fpcmp                               C:0102 fpdumyl         CODE                            
__fpdiv                               C:0102 fpdumyl         CODE                            
__fpftol                              C:0102 fpdumyl         CODE                            
__fpltof                              C:0102 fpdumyl         CODE                            
__fpmul                               C:0102 fpdumyl         CODE                            
__fpneg                               C:0102 fpdumyl         CODE                            
__fppack                              C:0102 fpdumyl         CODE                            
__fpsub                               C:0102 fpdumyl         CODE                            
__fpultof                             C:0102 fpdumyl         CODE                            
__fpupop1                             C:0102 fpdumyl         CODE                            
__fpupop2                             C:0102 fpdumyl         CODE                            
__framereset                          C:012E frame           CODE                            
__frameset                            C:010F frame           CODE                            
__frameset0                           C:010D frame           CODE                            
__frameset00                          C:010B frame           CODE                            
__iframereset                         C:0145 frame           CODE                            
__iframeset00                         C:0103 frame           CODE                            
__intrp                               E:0122 startupl        FAR_DATA                        
__near_atof                           C:0102 fpdumyl         CODE                            
__near_frexp                          C:0102 fpdumyl         CODE                            
__near_modf                           C:0102 fpdumyl         CODE                            
__near_strtod                         C:0102 fpdumyl         CODE                            
__open_periphdevice                   C:0100 zsldevinit      CODE                            
__sbmul                               C:0295 ubmul           CODE                            
__slmul                               C:016A ulmul           CODE                            
__u_dtoe                              C:0102 fpdumyl         CODE                            
__u_dtof                              C:0102 fpdumyl         CODE                            
__u_dtog                              C:0102 fpdumyl         CODE                            
__u_flt_info                          C:0102 fpdumyl         CODE                            
__u_flt_rnd                           C:0102 fpdumyl         CODE                            
__u_ltoa                              C:16FA ULTOA           ultoa_TEXT                      
__u_print                             C:1B55 UPRINT          uprint_TEXT                     
__u_pscan                             C:2288 UPSCAN          upscan_TEXT                     
__u_reverse                           C:27B6 UREVERSE        reverse_TEXT                    
__u_stoa                              C:2041 USTOA           ustoa_TEXT                      
__u_ultoa                             C:288B UULTOA          uultoa_TEXT                     
__ubmul                               C:0295 ubmul           CODE                            
__ucase                               C:0257 ucase           CODE                            
__uldiv                               C:0202 uldiv           CODE                            
__ulmul                               C:016A ulmul           CODE                            
__user_frequency                    01194000 (User Defined)
_abs                                  C:2778 ABS             abs_TEXT                        
_acos                                 C:0102 fpdumyl         CODE                            
_asin                                 C:0102 fpdumyl         CODE                            
_atan                                 C:0102 fpdumyl         CODE                            
_atan2                                C:0102 fpdumyl         CODE                            
_bgcolor                              C:03B4 ANSI            ansi_TEXT                       
_blink                                C:0638 ANSI            ansi_TEXT                       
_c_startup                            C:02AD startupl        startup                         
_ceil                                 C:0102 fpdumyl         CODE                            
_character_data                       E:0530 MAIN            FAR_DATA                        
_close_periphdevice                   C:0101 zsldevinit      CODE                            
_clreol                               C:0517 ANSI            ansi_TEXT                       
_clrscr                               C:04E6 ANSI            ansi_TEXT                       
_color                                C:03FF ANSI            ansi_TEXT                       
_cos                                  C:10E3 TRI             tri_TEXT                        
_cosh                                 C:0102 fpdumyl         CODE                            
_errno                                E:0100 startupl        FAR_BSS                         
_exit                                 C:031C startupl        startup                         
_exp                                  C:0102 fpdumyl         CODE                            
_expand                               C:0ABC FIXPOINT        ixpoint_TEXT                    
_fabs                                 C:0102 fpdumyl         CODE                            
_far_heapbot                        0000073A (User Defined)
_far_heaptop                        00000EFF (User Defined)
_far_stack                          00000EFF (User Defined)
_fgcolor                              C:031E ANSI            ansi_TEXT                       
_flag                                 E:0102 MAIN            FAR_BSS                         
_floor                                C:0102 fpdumyl         CODE                            
_fmod                                 C:0102 fpdumyl         CODE                            
_g_clock0                             E:0124 zsldevinit      FAR_DATA                        
_g_clock1                             E:0124 zsldevinit      FAR_DATA                        
_g_simulate                           E:0123 zsldevinit      FAR_DATA                        
_g_Txflag0                            E:070E WRITEUART0      FAR_DATA                        
_get_freq                             C:16E7 get_freq        getfreq_TEXT                    
_gotoxy                               C:0548 ANSI            ansi_TEXT                       
_init_uart                            C:13F1 SIO             sio_TEXT                        
_initButton                           C:0903 BOARD           board_TEXT                      
_initConsole                          C:0983 BOARD           board_TEXT                      
_initTimer                            C:0958 BOARD           board_TEXT                      
_initVector                           C:0EA6 TRI             tri_TEXT                        
_isupper                              C:2C74 ISUPPER         isupper_TEXT                    
_ldexp                                C:0102 fpdumyl         CODE                            
_LEDinit                              C:09C6 BOARD           board_TEXT                      
_len_farbss                         00000022 (User Defined)
_len_fardata                        00000619 (User Defined)
_len_nearbss                        00000000 (User Defined)
_len_neardata                       00000000 (User Defined)
_log                                  C:0102 fpdumyl         CODE                            
_log10                                C:0102 fpdumyl         CODE                            
_low_far_romdata                    00002CB4 (User Defined)
_low_farbss                         00000100 (User Defined)
_low_fardata                        00000122 (User Defined)
_low_near_romdata                   00000000 (User Defined)
_low_nearbss                        00000000 (User Defined)
_low_neardata                       00000000 (User Defined)
_main                                 C:130C MAIN            main_TEXT                       
_moveBall                             C:0BC1 STYRING         styring_TEXT                    
_near_heapbot                       000000EF (User Defined)
_near_heaptop                       000000FF (User Defined)
_near_stack                         000000FF (User Defined)
_open_periphdevice                    C:0100 zsldevinit      CODE                            
_pow                                  C:0102 fpdumyl         CODE                            
_printBall                            C:0CE0 STYRING         styring_TEXT                    
_printf                               C:14A5 PRINTF          printf_TEXT                     
_printFix                             C:09ED FIXPOINT        ixpoint_TEXT                    
_printV                               C:0FEF TRI             tri_TEXT                        
_putch                                C:2B5D PUTCH           putch_TEXT                      
_readKey                              C:0922 BOARD           board_TEXT                      
_reflectBallWall                      C:0C44 STYRING         styring_TEXT                    
_resetbgcolor                         C:04B5 ANSI            ansi_TEXT                       
_reverse                              C:06C9 ANSI            ansi_TEXT                       
_rotate                               C:1115 TRI             tri_TEXT                        
_select_port                          C:13C3 SIO             sio_TEXT                        
_sin                                  C:1093 TRI             tri_TEXT                        
_SIN                                  E:0130 LUT             FAR_DATA                        
_sinh                                 C:0102 fpdumyl         CODE                            
_sqrt                                 C:0102 fpdumyl         CODE                            
_startBall                            C:0ADF STYRING         styring_TEXT                    
_tan                                  C:0102 fpdumyl         CODE                            
_tanh                                 C:0102 fpdumyl         CODE                            
_timer0int                            C:12FE MAIN            main_TEXT                       
_tolower                              C:2B14 TOLOWER         tolower_TEXT                    
_underline                            C:05A7 ANSI            ansi_TEXT                       
_window                               C:075A ANSI            ansi_TEXT                       
_write_UART0                          C:2BBA WRITEUART0      teuart0_TEXT                    
_zsl_g_clock_xdefine                01194000 (User Defined)

197 external symbol(s).


START ADDRESS:
==============
(C:02AD) set in module ..\..\src\boot\common\startupl.asm.

CALL GRAPH
==========
Depth Address    CF Function                       Calls Function
----- ---------- -- ------------------------------ --------------------------------
    1 R:20        0 _get_freq                      ->
    2 E:0100      0 _f__far_modf                   ->
    3 R:20        0 _n__floor                      ->
    4 R:20        0 _n___u_flt_rnd                 ->
    5 R:20        0 _n__far_modf                   ->
    6 R:20        0 _n__sqrt                       ->
    7 R:20        0 _n__near_modf                  ->
    8 E:0100      0 _f__atan                       ->
    9 E:0100      0 _f__pow                        ->
   10 R:20        0 _n__near_strtod                ->
   11 E:0100      0 _f__atan2                      ->
   12 R:20        0 _n__far_strtod                 ->
   13 E:0100      0 _f__far_strtod                 ->
   14 R:20        0 _n__atan                       ->
   15 E:0100      0 _f__log10                      ->
   16 E:0100      0 _f__log                        ->
   17 E:0100      0 _f__floor                      ->
   18 R:20        0 _n__exp                        ->
   19 E:0100      0 _f__fmod                       ->
   20 E:0100      0 _f__near_modf                  ->
   21 R:20        0 _n__tan                        ->
   22 E:0100      0 _f___u_flt_info                ->
   23 R:20        0 _n__atan2                      ->
   24 R:20        0 _n__near_atof                  ->
   25 E:0100      0 _f__far_atof                   ->
   26 R:20        0 _n__far_atof                   ->
   27 E:0100      0 _f__acos                       ->
   28 E:0100      0 _f__cosh                       ->
   29 R:20        0 _n___u_dtog                    ->
   30 R:20        0 _n___u_dtof                    ->
   31 R:20        0 _n___u_dtoe                    ->
   32 R:20        0 _n__cosh                       ->
   33 R:20        0 _n__sinh                       ->
   34 R:20        0 _n__acos                       ->
   35 E:0100      0 _f__far_frexp                  ->
   36 E:0100      0 _f__tan                        ->
   37 R:20        0 _n__ldexp                      ->
   38 E:0100      0 _f__tanh                       ->
   39 R:20        0 _n___u_flt_info                ->
   40 E:0100      0 _f__sinh                       ->
   41 E:0100      0 _f__near_frexp                 ->
   42 E:0100      0 _f__near_atof                  ->
   43 E:0100      0 _f___u__dtog                   ->
   44 E:0100      0 _f___u__dtof                   ->
   45 E:0100      0 _f___u__dtoe                   ->
   46 R:20        0 _n__tanh                       ->
   47 R:20        0 _n__near_frexp                 ->
   48 R:20        0 _n__far_frexp                  ->
   49 E:0100      0 _f__ldexp                      ->
   50 E:0100      0 _f__asin                       ->
   51 R:20        0 _n__fabs                       ->
   52 E:0100      0 _f__ceil                       ->
   53 R:20        0 _n__pow                        ->
   54 E:0100      0 _f__near_strtod                ->
   55 E:0100      0 _f__fabs                       ->
   56 R:20        0 _n__ceil                       ->
   57 R:20        0 _n__fmod                       ->
   58 R:20        0 _n__log10                      ->
   59 R:20        0 _n__asin                       ->
   60 E:0100      0 _f__sqrt                       ->
   61 E:0100      0 _f___u_flt_rnd                 ->
   62 R:20        0 _n__log                        ->
   63 E:0100      0 _f__exp                        ->


END OF LINK MAP:
================
0 Errors
0 Warnings
